Archive member included to satisfy reference by file (symbol)

../../libdaisy/build\libdaisy.a(daisy_petal.o)
                              build/Compressor.o (daisy::DaisyPetal::DelayMs(unsigned int))
../../libdaisy/build\libdaisy.a(daisy_seed.o)
                              ../../libdaisy/build\libdaisy.a(daisy_petal.o) (daisy::DaisySeed::Configure())
../../libdaisy/build\libdaisy.a(codec_ak4556.o)
                              ../../libdaisy/build\libdaisy.a(daisy_seed.o) (daisy::Ak4556::Init(dsy_gpio_pin))
../../libdaisy/build\libdaisy.a(sdram.o)
                              ../../libdaisy/build\libdaisy.a(daisy_seed.o) (dsy_sdram_init)
../../libdaisy/build\libdaisy.a(audio.o)
                              ../../libdaisy/build\libdaisy.a(daisy_seed.o) (daisy::AudioHandle::Init(daisy::AudioHandle::Config const&, daisy::SaiHandle))
../../libdaisy/build\libdaisy.a(ctrl.o)
                              ../../libdaisy/build\libdaisy.a(daisy_petal.o) (daisy::AnalogControl::Init(unsigned short*, float, bool, bool, float))
../../libdaisy/build\libdaisy.a(encoder.o)
                              ../../libdaisy/build\libdaisy.a(daisy_petal.o) (daisy::Encoder::Init(dsy_gpio_pin, dsy_gpio_pin, dsy_gpio_pin, float))
../../libdaisy/build\libdaisy.a(switch.o)
                              ../../libdaisy/build\libdaisy.a(daisy_petal.o) (daisy::Switch::Init(dsy_gpio_pin, float))
../../libdaisy/build\libdaisy.a(adc.o)
                              ../../libdaisy/build\libdaisy.a(daisy_petal.o) (daisy::AdcChannelConfig::InitSingle(dsy_gpio_pin))
../../libdaisy/build\libdaisy.a(gpio.o)
                              ../../libdaisy/build\libdaisy.a(daisy_petal.o) (dsy_gpio_init)
../../libdaisy/build\libdaisy.a(i2c.o)
                              ../../libdaisy/build\libdaisy.a(daisy_petal.o) (daisy::I2CHandle::Init(daisy::I2CHandle::Config const&))
../../libdaisy/build\libdaisy.a(qspi.o)
                              ../../libdaisy/build\libdaisy.a(daisy_seed.o) (dsy_qspi_init)
../../libdaisy/build\libdaisy.a(sai.o)
                              ../../libdaisy/build\libdaisy.a(daisy_seed.o) (daisy::SaiHandle::Init(daisy::SaiHandle::Config const&))
../../libdaisy/build\libdaisy.a(system.o)
                              ../../libdaisy/build\libdaisy.a(daisy_petal.o) (daisy::System::Delay(unsigned long))
../../libdaisy/build\libdaisy.a(system_stm32h7xx.o)
                              build/startup_stm32h750xx.o (SystemInit)
../../libdaisy/build\libdaisy.a(hal_map.o)
                              ../../libdaisy/build\libdaisy.a(sdram.o) (dsy_hal_map_get_port)
../../libdaisy/build\libdaisy.a(stm32h7xx_hal.o)
                              ../../libdaisy/build\libdaisy.a(system.o) (HAL_Init)
../../libdaisy/build\libdaisy.a(stm32h7xx_hal_adc.o)
                              ../../libdaisy/build\libdaisy.a(adc.o) (HAL_ADC_ConfigChannel)
../../libdaisy/build\libdaisy.a(stm32h7xx_hal_adc_ex.o)
                              ../../libdaisy/build\libdaisy.a(adc.o) (HAL_ADCEx_Calibration_Start)
../../libdaisy/build\libdaisy.a(stm32h7xx_hal_cortex.o)
                              ../../libdaisy/build\libdaisy.a(stm32h7xx_hal.o) (HAL_NVIC_SetPriorityGrouping)
../../libdaisy/build\libdaisy.a(stm32h7xx_hal_dma.o)
                              ../../libdaisy/build\libdaisy.a(adc.o) (HAL_DMA_Init)
../../libdaisy/build\libdaisy.a(stm32h7xx_hal_gpio.o)
                              ../../libdaisy/build\libdaisy.a(sdram.o) (HAL_GPIO_Init)
../../libdaisy/build\libdaisy.a(stm32h7xx_hal_i2c.o)
                              ../../libdaisy/build\libdaisy.a(i2c.o) (HAL_I2C_Init)
../../libdaisy/build\libdaisy.a(stm32h7xx_hal_i2c_ex.o)
                              ../../libdaisy/build\libdaisy.a(i2c.o) (HAL_I2CEx_ConfigAnalogFilter)
../../libdaisy/build\libdaisy.a(stm32h7xx_hal_pwr_ex.o)
                              ../../libdaisy/build\libdaisy.a(system.o) (HAL_PWREx_ConfigSupply)
../../libdaisy/build\libdaisy.a(stm32h7xx_hal_qspi.o)
                              ../../libdaisy/build\libdaisy.a(qspi.o) (HAL_QSPI_Init)
../../libdaisy/build\libdaisy.a(stm32h7xx_hal_rcc.o)
                              ../../libdaisy/build\libdaisy.a(system.o) (HAL_RCC_OscConfig)
../../libdaisy/build\libdaisy.a(stm32h7xx_hal_rcc_ex.o)
                              ../../libdaisy/build\libdaisy.a(system.o) (HAL_RCCEx_PeriphCLKConfig)
../../libdaisy/build\libdaisy.a(stm32h7xx_hal_sai.o)
                              ../../libdaisy/build\libdaisy.a(sai.o) (HAL_SAI_InitProtocol)
../../libdaisy/build\libdaisy.a(stm32h7xx_hal_sdram.o)
                              ../../libdaisy/build\libdaisy.a(sdram.o) (HAL_SDRAM_Init)
../../libdaisy/build\libdaisy.a(stm32h7xx_ll_fmc.o)
                              ../../libdaisy/build\libdaisy.a(stm32h7xx_hal_sdram.o) (FMC_SDRAM_Init)
../../libdaisy/build\libdaisy.a(tim.o)
                              ../../libdaisy/build\libdaisy.a(system.o) (daisy::TimerHandle::Init(daisy::TimerHandle::Config const&))
[...]
Memory Configuration

Name             Origin             Length             Attributes
FLASH            0x08000000         0x00020000         xr
DTCMRAM          0x20000000         0x00020000         xrw
SRAM             0x24000000         0x00080000         xrw
RAM_D2           0x30000000         0x00048000         xrw
RAM_D3           0x38000000         0x00010000         xrw
ITCMRAM          0x00000000         0x00010000         xrw
SDRAM            0xc0000000         0x04000000         xrw
QSPIFLASH        0x90000000         0x00800000         xr
*default*        0x00000000         0xffffffff

Linker script and memory map

LOAD d:/gnu_arm_embedded_toolchain/10_2020-q4-major/bin/../lib/gcc/arm-none-eabi/10.2.1/thumb/v7e-m+dp/hard/crti.o
LOAD d:/gnu_arm_embedded_toolchain/10_2020-q4-major/bin/../lib/gcc/arm-none-eabi/10.2.1/thumb/v7e-m+dp/hard/crtbegin.o
LOAD d:/gnu_arm_embedded_toolchain/10_2020-q4-major/bin/../lib/gcc/arm-none-eabi/10.2.1/../../../../arm-none-eabi/lib/thumb/v7e-m+dp/hard/crt0.o
LOAD build/startup_stm32h750xx.o
LOAD build/diskio.o
LOAD build/ff.o
LOAD build/ff_gen_drv.o
LOAD build/ccsbcs.o
LOAD build/Compressor.o
LOAD ../../libdaisy/build\libdaisy.a
LOAD d:/gnu_arm_embedded_toolchain/10_2020-q4-major/bin/../lib/gcc/arm-none-eabi/10.2.1/../../../../arm-none-eabi/lib/thumb/v7e-m+dp/hard\libnosys.a
LOAD ../../DaisySP/build\libdaisysp.a
LOAD d:/gnu_arm_embedded_toolchain/10_2020-q4-major/bin/../lib/gcc/arm-none-eabi/10.2.1/../../../../arm-none-eabi/lib/thumb/v7e-m+dp/hard\libstdc++_nano.a
LOAD d:/gnu_arm_embedded_toolchain/10_2020-q4-major/bin/../lib/gcc/arm-none-eabi/10.2.1/../../../../arm-none-eabi/lib/thumb/v7e-m+dp/hard\libm.a
LOAD d:/gnu_arm_embedded_toolchain/10_2020-q4-major/bin/../lib/gcc/arm-none-eabi/10.2.1/../../../../arm-none-eabi/lib/thumb/v7e-m+dp/hard\libc_nano.a
START GROUP
LOAD d:/gnu_arm_embedded_toolchain/10_2020-q4-major/bin/../lib/gcc/arm-none-eabi/10.2.1/thumb/v7e-m+dp/hard\libgcc.a
LOAD d:/gnu_arm_embedded_toolchain/10_2020-q4-major/bin/../lib/gcc/arm-none-eabi/10.2.1/../../../../arm-none-eabi/lib/thumb/v7e-m+dp/hard\libc_nano.a
END GROUP
START GROUP
LOAD d:/gnu_arm_embedded_toolchain/10_2020-q4-major/bin/../lib/gcc/arm-none-eabi/10.2.1/thumb/v7e-m+dp/hard\libgcc.a
LOAD d:/gnu_arm_embedded_toolchain/10_2020-q4-major/bin/../lib/gcc/arm-none-eabi/10.2.1/../../../../arm-none-eabi/lib/thumb/v7e-m+dp/hard\libc_nano.a
LOAD d:/gnu_arm_embedded_toolchain/10_2020-q4-major/bin/../lib/gcc/arm-none-eabi/10.2.1/../../../../arm-none-eabi/lib/thumb/v7e-m+dp/hard\libnosys.a
END GROUP
START GROUP
LOAD d:/gnu_arm_embedded_toolchain/10_2020-q4-major/bin/../lib/gcc/arm-none-eabi/10.2.1/thumb/v7e-m+dp/hard\libgcc.a
LOAD d:/gnu_arm_embedded_toolchain/10_2020-q4-major/bin/../lib/gcc/arm-none-eabi/10.2.1/../../../../arm-none-eabi/lib/thumb/v7e-m+dp/hard\libc_nano.a
LOAD d:/gnu_arm_embedded_toolchain/10_2020-q4-major/bin/../lib/gcc/arm-none-eabi/10.2.1/../../../../arm-none-eabi/lib/thumb/v7e-m+dp/hard\libnosys.a
END GROUP
LOAD d:/gnu_arm_embedded_toolchain/10_2020-q4-major/bin/../lib/gcc/arm-none-eabi/10.2.1/thumb/v7e-m+dp/hard/crtend.o
LOAD d:/gnu_arm_embedded_toolchain/10_2020-q4-major/bin/../lib/gcc/arm-none-eabi/10.2.1/thumb/v7e-m+dp/hard/crtn.o
                0x20020000                _estack = 0x20020000

.isr_vector     0x08000000      0x298
                0x08000000                . = ALIGN (0x4)
 *(.isr_vector)
 .isr_vector    0x08000000      0x298 build/startup_stm32h750xx.o
                0x08000000                g_pfnVectors
                0x08000298                . = ALIGN (0x4)

.text           0x08000298     0xb3b8
                0x08000298                . = ALIGN (0x4)
                0x08000298                _stext = .
 *(.text)
 .text          0x08000298       0x40 d:/gnu_arm_embedded_toolchain/10_2020-q4-major/bin/../lib/gcc/arm-none-eabi/10.2.1/thumb/v7e-m+dp/hard/crtbegin.o
 *(.text*)
 .text.Default_Handler
                0x080002d8        0x4 build/startup_stm32h750xx.o
                0x080002d8                RTC_Alarm_IRQHandler
                0x080002d8                HASH_RNG_IRQHandler
                0x080002d8                EXTI2_IRQHandler
                0x080002d8                TIM8_CC_IRQHandler
                0x080002d8                HRTIM1_Master_IRQHandler
                0x080002d8                DebugMon_Handler
                0x080002d8                UART8_IRQHandler
                0x080002d8                SPI4_IRQHandler
                0x080002d8                TIM1_CC_IRQHandler
                0x080002d8                BDMA_Channel6_IRQHandler
                0x080002d8                DMA2_Stream5_IRQHandler
                0x080002d8                HRTIM1_FLT_IRQHandler
                0x080002d8                JPEG_IRQHandler
                0x080002d8                DMA1_Stream5_IRQHandler
                0x080002d8                BDMA_Channel1_IRQHandler
                0x080002d8                HRTIM1_TIMD_IRQHandler
                0x080002d8                TAMP_STAMP_IRQHandler
                0x080002d8                PendSV_Handler
                0x080002d8                NMI_Handler
                0x080002d8                EXTI3_IRQHandler
                0x080002d8                LPTIM4_IRQHandler
                0x080002d8                TIM8_TRG_COM_TIM14_IRQHandler
                0x080002d8                LPTIM2_IRQHandler
                0x080002d8                DFSDM1_FLT1_IRQHandler
                0x080002d8                DMAMUX2_OVR_IRQHandler
                0x080002d8                TIM8_UP_TIM13_IRQHandler
                0x080002d8                I2C3_ER_IRQHandler
                0x080002d8                DFSDM1_FLT2_IRQHandler
                0x080002d8                MDMA_IRQHandler
                0x080002d8                LPTIM3_IRQHandler
                0x080002d8                HSEM1_IRQHandler
                0x080002d8                EXTI0_IRQHandler
                0x080002d8                FPU_IRQHandler
                0x080002d8                OTG_HS_WKUP_IRQHandler
                0x080002d8                FDCAN1_IT1_IRQHandler
                0x080002d8                UsageFault_Handler
                0x080002d8                LTDC_ER_IRQHandler
                0x080002d8                DMA2_Stream2_IRQHandler
                0x080002d8                HRTIM1_TIME_IRQHandler
                0x080002d8                SPI1_IRQHandler
                0x080002d8                TIM6_DAC_IRQHandler
                0x080002d8                DCMI_IRQHandler
                0x080002d8                HRTIM1_TIMC_IRQHandler
                0x080002d8                DMA2_Stream3_IRQHandler
                0x080002d8                SAI2_IRQHandler
                0x080002d8                DFSDM1_FLT3_IRQHandler
                0x080002d8                USART6_IRQHandler
                0x080002d8                TIM17_IRQHandler
                0x080002d8                USART3_IRQHandler
                0x080002d8                CRYP_IRQHandler
                0x080002d8                BDMA_Channel7_IRQHandler
                0x080002d8                LPTIM5_IRQHandler
                0x080002d8                UART5_IRQHandler
                0x080002d8                ADC3_IRQHandler
                0x080002d8                DMA2_Stream0_IRQHandler
                0x080002d8                TIM4_IRQHandler
                0x080002d8                BDMA_Channel2_IRQHandler
                0x080002d8                DMAMUX1_OVR_IRQHandler
                0x080002d8                TIM16_IRQHandler
                0x080002d8                UART4_IRQHandler
                0x080002d8                BDMA_Channel5_IRQHandler
                0x080002d8                TIM3_IRQHandler
                0x080002d8                RCC_IRQHandler
                0x080002d8                TIM8_BRK_TIM12_IRQHandler
                0x080002d8                TIM1_TRG_COM_IRQHandler
                0x080002d8                Default_Handler
                0x080002d8                ECC_IRQHandler
                0x080002d8                CEC_IRQHandler
                0x080002d8                EXTI15_10_IRQHandler
                0x080002d8                BDMA_Channel0_IRQHandler
                0x080002d8                ADC_IRQHandler
                0x080002d8                DMA1_Stream7_IRQHandler
                0x080002d8                HRTIM1_TIMA_IRQHandler
                0x080002d8                SPI5_IRQHandler
                0x080002d8                TIM7_IRQHandler
                0x080002d8                SDMMC1_IRQHandler
                0x080002d8                TIM5_IRQHandler
                0x080002d8                DMA2_Stream7_IRQHandler
                0x080002d8                TIM15_IRQHandler
                0x080002d8                PVD_AVD_IRQHandler
                0x080002d8                EXTI9_5_IRQHandler
                0x080002d8                RTC_WKUP_IRQHandler
                0x080002d8                LTDC_IRQHandler
                0x080002d8                SAI3_IRQHandler
                0x080002d8                ETH_WKUP_IRQHandler
                0x080002d8                SPDIF_RX_IRQHandler
                0x080002d8                SPI2_IRQHandler
                0x080002d8                OTG_HS_EP1_IN_IRQHandler
                0x080002d8                MemManage_Handler
                0x080002d8                SVC_Handler
                0x080002d8                CRS_IRQHandler
                0x080002d8                EXTI4_IRQHandler
                0x080002d8                HRTIM1_TIMB_IRQHandler
                0x080002d8                FDCAN2_IT1_IRQHandler
                0x080002d8                ETH_IRQHandler
                0x080002d8                TIM1_UP_IRQHandler
                0x080002d8                BDMA_Channel4_IRQHandler
                0x080002d8                OTG_HS_EP1_OUT_IRQHandler
                0x080002d8                WWDG_IRQHandler
                0x080002d8                SPI6_IRQHandler
                0x080002d8                I2C4_EV_IRQHandler
                0x080002d8                MDIOS_IRQHandler
                0x080002d8                FDCAN2_IT0_IRQHandler
                0x080002d8                LPUART1_IRQHandler
                0x080002d8                FDCAN1_IT0_IRQHandler
                0x080002d8                TIM2_IRQHandler
                0x080002d8                OTG_FS_WKUP_IRQHandler
                0x080002d8                OTG_HS_IRQHandler
                0x080002d8                DMA2D_IRQHandler
                0x080002d8                TIM1_BRK_IRQHandler
                0x080002d8                EXTI1_IRQHandler
                0x080002d8                SDMMC2_IRQHandler
                0x080002d8                OTG_FS_EP1_OUT_IRQHandler
                0x080002d8                BDMA_Channel3_IRQHandler
                0x080002d8                UART7_IRQHandler
                0x080002d8                MDIOS_WKUP_IRQHandler
                0x080002d8                USART2_IRQHandler
                0x080002d8                DFSDM1_FLT0_IRQHandler
                0x080002d8                SAI4_IRQHandler
                0x080002d8                I2C2_ER_IRQHandler
                0x080002d8                DMA2_Stream1_IRQHandler
                0x080002d8                FLASH_IRQHandler
                0x080002d8                DMA2_Stream4_IRQHandler
                0x080002d8                BusFault_Handler
                0x080002d8                USART1_IRQHandler
                0x080002d8                OTG_FS_IRQHandler
                0x080002d8                SPI3_IRQHandler
                0x080002d8                WAKEUP_PIN_IRQHandler
                0x080002d8                OTG_FS_EP1_IN_IRQHandler
                0x080002d8                I2C1_ER_IRQHandler
                0x080002d8                FMC_IRQHandler
                0x080002d8                FDCAN_CAL_IRQHandler
                0x080002d8                SWPMI1_IRQHandler
                0x080002d8                COMP1_IRQHandler
                0x080002d8                LPTIM1_IRQHandler
                0x080002d8                I2C4_ER_IRQHandler
                0x080002d8                DMA2_Stream6_IRQHandler
                0x080002d8                SAI1_IRQHandler
 .text.Reset_Handler
                0x080002dc       0x44 build/startup_stm32h750xx.o
                0x080002dc                Reset_Handler
 .text._ZN7daisysp10CompressorD2Ev
                0x08000320        0x4 build/Compressor.o
                0x08000320                daisysp::Compressor::~Compressor()
                0x08000320                daisysp::Compressor::~Compressor()
 .text._ZN5daisy9ParameterD2Ev
                0x08000324        0x4 build/Compressor.o
                0x08000324                daisy::Parameter::~Parameter()
                0x08000324                daisy::Parameter::~Parameter()
 .text._ZN5daisy10DaisyPetalD2Ev
                0x08000328        0x4 build/Compressor.o
                0x08000328                daisy::DaisyPetal::~DaisyPetal()
                0x08000328                daisy::DaisyPetal::~DaisyPetal()
 .text._Z13AudioCallbackPPfS0_j
                0x0800032c      0x170 build/Compressor.o
                0x0800032c                AudioCallback(float**, float**, unsigned int)
 .text.startup.main
                0x0800049c       0x68 build/Compressor.o
                0x0800049c                main
 .text.startup._GLOBAL__sub_I_Petal
                0x08000504       0x8c build/Compressor.o
 .text._ZN5daisy16LedDriverPca9685ILi2ELb1EE14TxCpltCallbackEPvNS_9I2CHandle6ResultE
                0x08000590       0x54 ../../libdaisy/build\libdaisy.a(daisy_petal.o)
                0x08000590                daisy::LedDriverPca9685<2, true>::TxCpltCallback(void*, daisy::I2CHandle::Result)
 .text._ZN5daisy10DaisyPetal7DelayMsEj
                0x080005e4        0x4 ../../libdaisy/build\libdaisy.a(daisy_petal.o)
                0x080005e4                daisy::DaisyPetal::DelayMs(unsigned int)
 .text._ZN5daisy10DaisyPetal10StartAudioEPFvPPfS2_jE
                0x080005e8        0x4 ../../libdaisy/build\libdaisy.a(daisy_petal.o)
                0x080005e8                daisy::DaisyPetal::StartAudio(void (*)(float**, float**, unsigned int))
 .text._ZN5daisy10DaisyPetal15AudioSampleRateEv
                0x080005ec        0x4 ../../libdaisy/build\libdaisy.a(daisy_petal.o)
                0x080005ec                daisy::DaisyPetal::AudioSampleRate()
 .text._ZN5daisy10DaisyPetal8StartAdcEv
                0x080005f0        0x8 ../../libdaisy/build\libdaisy.a(daisy_petal.o)
                0x080005f0                daisy::DaisyPetal::StartAdc()
 .text._ZN5daisy10DaisyPetal21ProcessAnalogControlsEv
                0x080005f8       0x20 ../../libdaisy/build\libdaisy.a(daisy_petal.o)
                0x080005f8                daisy::DaisyPetal::ProcessAnalogControls()
 .text._ZN5daisy10DaisyPetal22ProcessDigitalControlsEv
                0x08000618       0x20 ../../libdaisy/build\libdaisy.a(daisy_petal.o)
                0x08000618                daisy::DaisyPetal::ProcessDigitalControls()
 .text._ZN5daisy10DaisyPetal9ClearLedsEv
                0x08000638      0x1ac ../../libdaisy/build\libdaisy.a(daisy_petal.o)
                0x08000638                daisy::DaisyPetal::ClearLeds()
 .text._ZN5daisy10DaisyPetal10UpdateLedsEv
                0x080007e4      0x154 ../../libdaisy/build\libdaisy.a(daisy_petal.o)
                0x080007e4                daisy::DaisyPetal::UpdateLeds()
 .text._ZN5daisy10DaisyPetal16SetFootswitchLedENS0_13FootswitchLedEf
                0x08000938       0x90 ../../libdaisy/build\libdaisy.a(daisy_petal.o)
                0x08000938                daisy::DaisyPetal::SetFootswitchLed(daisy::DaisyPetal::FootswitchLed, float)
 .text._ZN5daisy10DaisyPetal8InitLedsEv
                0x080009c8      0x28c ../../libdaisy/build\libdaisy.a(daisy_petal.o)
                0x080009c8                daisy::DaisyPetal::InitLeds()
 .text._ZN5daisy10DaisyPetal18InitAnalogControlsEv
                0x08000c54      0x108 ../../libdaisy/build\libdaisy.a(daisy_petal.o)
                0x08000c54                daisy::DaisyPetal::InitAnalogControls()
 .text._ZN5daisy10DaisyPetal4InitEb
                0x08000d5c       0xac ../../libdaisy/build\libdaisy.a(daisy_petal.o)
                0x08000d5c                daisy::DaisyPetal::Init(bool)
 .text.startup._GLOBAL__sub_I__ZN5daisy10DaisyPetal4InitEb
                0x08000e08       0x18 ../../libdaisy/build\libdaisy.a(daisy_petal.o)
 .text._ZN5daisy9DaisySeed9ConfigureEv
                0x08000e20       0x4c ../../libdaisy/build\libdaisy.a(daisy_seed.o)
                0x08000e20                daisy::DaisySeed::Configure()
 .text._ZN5daisy9DaisySeed6GetPinEh
                0x08000e6c       0x2c ../../libdaisy/build\libdaisy.a(daisy_seed.o)
                0x08000e6c                daisy::DaisySeed::GetPin(unsigned char)
 .text._ZN5daisy9DaisySeed7DelayMsEj
                0x08000e98        0x8 ../../libdaisy/build\libdaisy.a(daisy_seed.o)
                0x08000e98                daisy::DaisySeed::DelayMs(unsigned int)
 .text._ZN5daisy9DaisySeed10StartAudioEPFvPPfS2_jE
                0x08000ea0        0x8 ../../libdaisy/build\libdaisy.a(daisy_seed.o)
                0x08000ea0                daisy::DaisySeed::StartAudio(void (*)(float**, float**, unsigned int))
 .text._ZN5daisy9DaisySeed15AudioSampleRateEv
                0x08000ea8        0x8 ../../libdaisy/build\libdaisy.a(daisy_seed.o)
                0x08000ea8                daisy::DaisySeed::AudioSampleRate()
 .text._ZN5daisy9DaisySeed17SetAudioBlockSizeEj
                0x08000eb0       0x38 ../../libdaisy/build\libdaisy.a(daisy_seed.o)
                0x08000eb0                daisy::DaisySeed::SetAudioBlockSize(unsigned int)
 .text._ZNK5daisy9DaisySeed17AudioCallbackRateEv
                0x08000ee8        0x8 ../../libdaisy/build\libdaisy.a(daisy_seed.o)
                0x08000ee8                daisy::DaisySeed::AudioCallbackRate() const
 .text._ZN5daisy9DaisySeed14ConfigureAudioEv
                0x08000ef0       0x78 ../../libdaisy/build\libdaisy.a(daisy_seed.o)
                0x08000ef0                daisy::DaisySeed::ConfigureAudio()
 .text._ZN5daisy9DaisySeed4InitEb
                0x08000f68       0x7c ../../libdaisy/build\libdaisy.a(daisy_seed.o)
                0x08000f68                daisy::DaisySeed::Init(bool)
 .text._ZN5daisy6Ak45564InitE12dsy_gpio_pin
                0x08000fe4       0x44 ../../libdaisy/build\libdaisy.a(codec_ak4556.o)
                0x08000fe4                daisy::Ak4556::Init(dsy_gpio_pin)
 .text.dsy_sdram_init
                0x08001028      0x108 ../../libdaisy/build\libdaisy.a(sdram.o)
                0x08001028                dsy_sdram_init
 .text.HAL_SDRAM_MspInit
                0x08001130      0x1d0 ../../libdaisy/build\libdaisy.a(sdram.o)
                0x08001130                HAL_SDRAM_MspInit
 .text._ZN5daisy11AudioHandle4Impl16InternalCallbackEPlS2_j
                0x08001300      0xbbc ../../libdaisy/build\libdaisy.a(audio.o)
                0x08001300                daisy::AudioHandle::Impl::InternalCallback(long*, long*, unsigned int)
 .text._ZN5daisy11AudioHandle4InitERKNS0_6ConfigENS_9SaiHandleE
                0x08001ebc       0x64 ../../libdaisy/build\libdaisy.a(audio.o)
                0x08001ebc                daisy::AudioHandle::Init(daisy::AudioHandle::Config const&, daisy::SaiHandle)
 .text._ZNK5daisy11AudioHandle9GetConfigEv
                0x08001f20        0x8 ../../libdaisy/build\libdaisy.a(audio.o)
                0x08001f20                daisy::AudioHandle::GetConfig() const
 .text._ZN5daisy11AudioHandle12SetBlockSizeEj
                0x08001f28       0x1c ../../libdaisy/build\libdaisy.a(audio.o)
                0x08001f28                daisy::AudioHandle::SetBlockSize(unsigned int)
 .text._ZN5daisy11AudioHandle13GetSampleRateEv
                0x08001f44        0x8 ../../libdaisy/build\libdaisy.a(audio.o)
                0x08001f44                daisy::AudioHandle::GetSampleRate()
 .text._ZN5daisy11AudioHandle5StartEPFvPPfS2_jE
                0x08001f4c       0x44 ../../libdaisy/build\libdaisy.a(audio.o)
                0x08001f4c                daisy::AudioHandle::Start(void (*)(float**, float**, unsigned int))
 .text.startup._GLOBAL__sub_I__ZN5daisy11AudioHandle4Impl4InitENS0_6ConfigENS_9SaiHandleE
                0x08001f90       0x10 ../../libdaisy/build\libdaisy.a(audio.o)
 .text._ZN5daisy13AnalogControl4InitEPtfbbf
                0x08001fa0       0x30 ../../libdaisy/build\libdaisy.a(ctrl.o)
                0x08001fa0                daisy::AnalogControl::Init(unsigned short*, float, bool, bool, float)
 .text._ZN5daisy13AnalogControl7ProcessEv
                0x08001fd0       0x48 ../../libdaisy/build\libdaisy.a(ctrl.o)
                0x08001fd0                daisy::AnalogControl::Process()
 .text._ZN5daisy7Encoder4InitE12dsy_gpio_pinS1_S1_f
                0x08002018       0x4c ../../libdaisy/build\libdaisy.a(encoder.o)
                0x08002018                daisy::Encoder::Init(dsy_gpio_pin, dsy_gpio_pin, dsy_gpio_pin, float)
 .text._ZN5daisy7Encoder8DebounceEv
                0x08002064       0x60 ../../libdaisy/build\libdaisy.a(encoder.o)
                0x08002064                daisy::Encoder::Debounce()
 .text._ZN5daisy6Switch4InitE12dsy_gpio_pinf
                0x080020c4       0x3c ../../libdaisy/build\libdaisy.a(switch.o)
                0x080020c4                daisy::Switch::Init(dsy_gpio_pin, float)
 .text._ZN5daisy6Switch8DebounceEv
                0x08002100       0x4c ../../libdaisy/build\libdaisy.a(switch.o)
                0x08002100                daisy::Switch::Debounce()
 .text._ZN5daisy16AdcChannelConfig10InitSingleE12dsy_gpio_pin
                0x0800214c       0x1c ../../libdaisy/build\libdaisy.a(adc.o)
                0x0800214c                daisy::AdcChannelConfig::InitSingle(dsy_gpio_pin)
 .text._ZN5daisy9AdcHandle4InitEPNS_16AdcChannelConfigEjNS0_12OverSamplingE
                0x08002168      0x6e8 ../../libdaisy/build\libdaisy.a(adc.o)
                0x08002168                daisy::AdcHandle::Init(daisy::AdcChannelConfig*, unsigned int, daisy::AdcHandle::OverSampling)
 .text._ZN5daisy9AdcHandle5StartEv
                0x08002850       0x2c ../../libdaisy/build\libdaisy.a(adc.o)
                0x08002850                daisy::AdcHandle::Start()
 .text._ZNK5daisy9AdcHandle6GetPtrEh
                0x0800287c       0x14 ../../libdaisy/build\libdaisy.a(adc.o)
                0x0800287c                daisy::AdcHandle::GetPtr(unsigned char) const
 .text.HAL_ADC_MspInit
                0x08002890       0x98 ../../libdaisy/build\libdaisy.a(adc.o)
                0x08002890                HAL_ADC_MspInit
 .text.DMA1_Stream2_IRQHandler
                0x08002928        0xc ../../libdaisy/build\libdaisy.a(adc.o)
                0x08002928                DMA1_Stream2_IRQHandler
 .text.HAL_ADC_ConvCpltCallback
                0x08002934      0x14c ../../libdaisy/build\libdaisy.a(adc.o)
                0x08002934                HAL_ADC_ConvCpltCallback
 .text.HAL_ADC_ErrorCallback
                0x08002a80        0x4 ../../libdaisy/build\libdaisy.a(adc.o)
                0x08002a80                HAL_ADC_ErrorCallback
 .text.dsy_gpio_init
                0x08002a84      0x1b8 ../../libdaisy/build\libdaisy.a(gpio.o)
                0x08002a84                dsy_gpio_init
 .text.dsy_gpio_read
                0x08002c3c       0x1c ../../libdaisy/build\libdaisy.a(gpio.o)
                0x08002c3c                dsy_gpio_read
 .text.dsy_gpio_write
                0x08002c58       0x24 ../../libdaisy/build\libdaisy.a(gpio.o)
                0x08002c58                dsy_gpio_write
 .text._ZN5daisy9I2CHandle4Impl16StartDmaTransferEtPhtPFvPvNS0_6ResultEES3_
                0x08002c7c       0xbc ../../libdaisy/build\libdaisy.a(i2c.o)
                0x08002c7c                daisy::I2CHandle::Impl::StartDmaTransfer(unsigned short, unsigned char*, unsigned short, void (*)(void*, daisy::I2CHandle::Result), void*)
 .text._ZN5daisy9I2CHandle4Impl8InitPinsEv
                0x08002d38       0x58 ../../libdaisy/build\libdaisy.a(i2c.o)
                0x08002d38                daisy::I2CHandle::Impl::InitPins()
 .text.HAL_I2C_MspInit
                0x08002d90      0x1b4 ../../libdaisy/build\libdaisy.a(i2c.o)
                0x08002d90                HAL_I2C_MspInit
 .text.dsy_i2c_global_init
                0x08002f44       0x38 ../../libdaisy/build\libdaisy.a(i2c.o)
                0x08002f44                dsy_i2c_global_init
 .text.DMA1_Stream6_IRQHandler
                0x08002f7c       0x24 ../../libdaisy/build\libdaisy.a(i2c.o)
                0x08002f7c                DMA1_Stream6_IRQHandler
 .text.I2C1_EV_IRQHandler
                0x08002fa0        0xc ../../libdaisy/build\libdaisy.a(i2c.o)
                0x08002fa0                I2C1_EV_IRQHandler
 .text.I2C2_EV_IRQHandler
                0x08002fac        0xc ../../libdaisy/build\libdaisy.a(i2c.o)
                0x08002fac                I2C2_EV_IRQHandler
 .text.I2C3_EV_IRQHandler
                0x08002fb8        0xc ../../libdaisy/build\libdaisy.a(i2c.o)
                0x08002fb8                I2C3_EV_IRQHandler
 .text.HAL_I2C_MasterTxCpltCallback
                0x08002fc4       0x70 ../../libdaisy/build\libdaisy.a(i2c.o)
                0x08002fc4                HAL_I2C_MasterTxCpltCallback
 .text.HAL_I2C_ErrorCallback
                0x08003034       0x74 ../../libdaisy/build\libdaisy.a(i2c.o)
                0x08003034                HAL_I2C_ErrorCallback
 .text._ZN5daisy9I2CHandle4InitERKNS0_6ConfigE
                0x080030a8       0xf4 ../../libdaisy/build\libdaisy.a(i2c.o)
                0x080030a8                daisy::I2CHandle::Init(daisy::I2CHandle::Config const&)
 .text._ZNK5daisy9I2CHandle9GetConfigEv
                0x0800319c        0x4 ../../libdaisy/build\libdaisy.a(i2c.o)
                0x0800319c                daisy::I2CHandle::GetConfig() const
 .text._ZN5daisy9I2CHandle16TransmitBlockingEtPhtm
                0x080031a0       0x34 ../../libdaisy/build\libdaisy.a(i2c.o)
                0x080031a0                daisy::I2CHandle::TransmitBlocking(unsigned short, unsigned char*, unsigned short, unsigned long)
 .text._ZN5daisy9I2CHandle11TransmitDmaEtPhtPFvPvNS0_6ResultEES2_
                0x080031d4       0x78 ../../libdaisy/build\libdaisy.a(i2c.o)
                0x080031d4                daisy::I2CHandle::TransmitDma(unsigned short, unsigned char*, unsigned short, void (*)(void*, daisy::I2CHandle::Result), void*)
 *fill*         0x0800324c        0x4 
 .text.dsy_qspi_init
                0x08003250      0x388 ../../libdaisy/build\libdaisy.a(qspi.o)
                0x08003250                dsy_qspi_init
 .text.HAL_QSPI_MspInit
                0x080035d8      0x10c ../../libdaisy/build\libdaisy.a(qspi.o)
                0x080035d8                HAL_QSPI_MspInit
 .text.HAL_QSPI_MspDeInit
                0x080036e4       0x58 ../../libdaisy/build\libdaisy.a(qspi.o)
                0x080036e4                HAL_QSPI_MspDeInit
 .text.QUADSPI_IRQHandler
                0x0800373c        0xc ../../libdaisy/build\libdaisy.a(qspi.o)
                0x0800373c                QUADSPI_IRQHandler
 .text._ZN5daisy9SaiHandle4Impl7InitDmaENS1_15PeripheralBlockE
                0x08003748       0xa0 ../../libdaisy/build\libdaisy.a(sai.o)
                0x08003748                daisy::SaiHandle::Impl::InitDma(daisy::SaiHandle::Impl::PeripheralBlock)
 .text._ZN5daisy9SaiHandle4Impl8InitPinsEv
                0x080037e8       0xa8 ../../libdaisy/build\libdaisy.a(sai.o)
                0x080037e8                daisy::SaiHandle::Impl::InitPins()
 .text.HAL_SAI_MspInit
                0x08003890      0x164 ../../libdaisy/build\libdaisy.a(sai.o)
                0x08003890                HAL_SAI_MspInit
 .text.DMA1_Stream0_IRQHandler
                0x080039f4        0xc ../../libdaisy/build\libdaisy.a(sai.o)
                0x080039f4                DMA1_Stream0_IRQHandler
 .text.DMA1_Stream1_IRQHandler
                0x08003a00        0xc ../../libdaisy/build\libdaisy.a(sai.o)
                0x08003a00                DMA1_Stream1_IRQHandler
 .text.DMA1_Stream3_IRQHandler
                0x08003a0c        0xc ../../libdaisy/build\libdaisy.a(sai.o)
                0x08003a0c                DMA1_Stream3_IRQHandler
 .text.DMA1_Stream4_IRQHandler
                0x08003a18        0xc ../../libdaisy/build\libdaisy.a(sai.o)
                0x08003a18                DMA1_Stream4_IRQHandler
 .text.HAL_SAI_RxHalfCpltCallback
                0x08003a24       0x78 ../../libdaisy/build\libdaisy.a(sai.o)
                0x08003a24                HAL_SAI_RxHalfCpltCallback
 .text.HAL_SAI_RxCpltCallback
                0x08003a9c       0x70 ../../libdaisy/build\libdaisy.a(sai.o)
                0x08003a9c                HAL_SAI_RxCpltCallback
 *fill*         0x08003b0c        0x4 
 .text._ZN5daisy9SaiHandle4InitERKNS0_6ConfigE
                0x08003b10      0x1f0 ../../libdaisy/build\libdaisy.a(sai.o)
                0x08003b10                daisy::SaiHandle::Init(daisy::SaiHandle::Config const&)
 .text._ZNK5daisy9SaiHandle9GetConfigEv
                0x08003d00        0x4 ../../libdaisy/build\libdaisy.a(sai.o)
                0x08003d00                daisy::SaiHandle::GetConfig() const
 .text._ZN5daisy9SaiHandle8StartDmaEPlS1_jPFvS1_S1_jE
                0x08003d04       0x68 ../../libdaisy/build\libdaisy.a(sai.o)
                0x08003d04                daisy::SaiHandle::StartDma(long*, long*, unsigned int, void (*)(long*, long*, unsigned int))
 .text._ZN5daisy9SaiHandle13GetSampleRateEv
                0x08003d6c       0x24 ../../libdaisy/build\libdaisy.a(sai.o)
                0x08003d6c                daisy::SaiHandle::GetSampleRate()
 .text._ZNK5daisy9SaiHandle9GetOffsetEv
                0x08003d90        0x8 ../../libdaisy/build\libdaisy.a(sai.o)
                0x08003d90                daisy::SaiHandle::GetOffset() const
 .text._ZN5daisy11TimerHandleD2Ev
                0x08003d98        0x4 ../../libdaisy/build\libdaisy.a(system.o)
                0x08003d98                daisy::TimerHandle::~TimerHandle()
                0x08003d98                daisy::TimerHandle::~TimerHandle()
 .text.SysTick_Handler
                0x08003d9c       0x10 ../../libdaisy/build\libdaisy.a(system.o)
                0x08003d9c                SysTick_Handler
 .text.HardFault_Handler
                0x08003dac        0x4 ../../libdaisy/build\libdaisy.a(system.o)
                0x08003dac                HardFault_Handler
 .text._ZN5daisy6System5DelayEm
                0x08003db0        0x4 ../../libdaisy/build\libdaisy.a(system.o)
                0x08003db0                daisy::System::Delay(unsigned long)
 .text._ZN5daisy6System15ConfigureClocksEv
                0x08003db4      0x194 ../../libdaisy/build\libdaisy.a(system.o)
                0x08003db4                daisy::System::ConfigureClocks()
 .text._ZN5daisy6System4InitERKNS0_6ConfigE
                0x08003f48      0x11c ../../libdaisy/build\libdaisy.a(system.o)
                0x08003f48                daisy::System::Init(daisy::System::Config const&)
 .text._ZN5daisy6System12GetPClk1FreqEv
                0x08004064        0x4 ../../libdaisy/build\libdaisy.a(system.o)
                0x08004064                daisy::System::GetPClk1Freq()
 .text.startup._GLOBAL__sub_I_SysTick_Handler
                0x08004068       0x1c ../../libdaisy/build\libdaisy.a(system.o)
 .text.SystemInit
                0x08004084       0x84 ../../libdaisy/build\libdaisy.a(system_stm32h7xx.o)
                0x08004084                SystemInit
 .text.dsy_hal_map_get_port
                0x08004108       0x10 ../../libdaisy/build\libdaisy.a(hal_map.o)
                0x08004108                dsy_hal_map_get_port
 .text.dsy_hal_map_get_pin
                0x08004118       0x10 ../../libdaisy/build\libdaisy.a(hal_map.o)
                0x08004118                dsy_hal_map_get_pin
 .text.HAL_MspInit
                0x08004128        0x4 ../../libdaisy/build\libdaisy.a(stm32h7xx_hal.o)
                0x08004128                HAL_MspInit
 .text.HAL_InitTick
                0x0800412c       0x4c ../../libdaisy/build\libdaisy.a(stm32h7xx_hal.o)
                0x0800412c                HAL_InitTick
 .text.HAL_Init
                0x08004178       0x60 ../../libdaisy/build\libdaisy.a(stm32h7xx_hal.o)
                0x08004178                HAL_Init
 .text.HAL_IncTick
                0x080041d8       0x18 ../../libdaisy/build\libdaisy.a(stm32h7xx_hal.o)
                0x080041d8                HAL_IncTick
 .text.HAL_GetTick
                0x080041f0        0xc ../../libdaisy/build\libdaisy.a(stm32h7xx_hal.o)
                0x080041f0                HAL_GetTick
 .text.HAL_Delay
                0x080041fc       0x24 ../../libdaisy/build\libdaisy.a(stm32h7xx_hal.o)
                0x080041fc                HAL_Delay
 .text.HAL_GetREVID
                0x08004220        0xc ../../libdaisy/build\libdaisy.a(stm32h7xx_hal.o)
                0x08004220                HAL_GetREVID
 .text.HAL_ADC_ConvHalfCpltCallback
                0x0800422c        0x4 ../../libdaisy/build\libdaisy.a(stm32h7xx_hal_adc.o)
                0x0800422c                HAL_ADC_ConvHalfCpltCallback
 .text.ADC_DMAHalfConvCplt
                0x08004230        0xc ../../libdaisy/build\libdaisy.a(stm32h7xx_hal_adc.o)
                0x08004230                ADC_DMAHalfConvCplt
 .text.ADC_DMAConvCplt
                0x0800423c       0x6c ../../libdaisy/build\libdaisy.a(stm32h7xx_hal_adc.o)
                0x0800423c                ADC_DMAConvCplt
 .text.ADC_DMAError
                0x080042a8       0x1c ../../libdaisy/build\libdaisy.a(stm32h7xx_hal_adc.o)
                0x080042a8                ADC_DMAError
 .text.HAL_ADC_ConfigChannel
                0x080042c4      0x3fc ../../libdaisy/build\libdaisy.a(stm32h7xx_hal_adc.o)
                0x080042c4                HAL_ADC_ConfigChannel
 .text.ADC_Enable
                0x080046c0       0xac ../../libdaisy/build\libdaisy.a(stm32h7xx_hal_adc.o)
                0x080046c0                ADC_Enable
 .text.HAL_ADC_Start_DMA
                0x0800476c      0x114 ../../libdaisy/build\libdaisy.a(stm32h7xx_hal_adc.o)
                0x0800476c                HAL_ADC_Start_DMA
 .text.ADC_Disable
                0x08004880       0x68 ../../libdaisy/build\libdaisy.a(stm32h7xx_hal_adc.o)
                0x08004880                ADC_Disable
 .text.ADC_ConfigureBoostMode
                0x080048e8      0x184 ../../libdaisy/build\libdaisy.a(stm32h7xx_hal_adc.o)
                0x080048e8                ADC_ConfigureBoostMode
 .text.HAL_ADC_Init
                0x08004a6c      0x218 ../../libdaisy/build\libdaisy.a(stm32h7xx_hal_adc.o)
                0x08004a6c                HAL_ADC_Init
 .text.HAL_ADCEx_Calibration_Start
                0x08004c84       0xa4 ../../libdaisy/build\libdaisy.a(stm32h7xx_hal_adc_ex.o)
                0x08004c84                HAL_ADCEx_Calibration_Start
 .text.HAL_ADCEx_MultiModeConfigChannel
                0x08004d28       0xc4 ../../libdaisy/build\libdaisy.a(stm32h7xx_hal_adc_ex.o)
                0x08004d28                HAL_ADCEx_MultiModeConfigChannel
 .text.HAL_NVIC_SetPriorityGrouping
                0x08004dec       0x24 ../../libdaisy/build\libdaisy.a(stm32h7xx_hal_cortex.o)
                0x08004dec                HAL_NVIC_SetPriorityGrouping
 .text.HAL_NVIC_SetPriority
                0x08004e10       0x7c ../../libdaisy/build\libdaisy.a(stm32h7xx_hal_cortex.o)
                0x08004e10                HAL_NVIC_SetPriority
 .text.HAL_NVIC_EnableIRQ
                0x08004e8c       0x1c ../../libdaisy/build\libdaisy.a(stm32h7xx_hal_cortex.o)
                0x08004e8c                HAL_NVIC_EnableIRQ
 .text.HAL_NVIC_DisableIRQ
                0x08004ea8       0x28 ../../libdaisy/build\libdaisy.a(stm32h7xx_hal_cortex.o)
                0x08004ea8                HAL_NVIC_DisableIRQ
 .text.HAL_SYSTICK_Config
                0x08004ed0       0x2c ../../libdaisy/build\libdaisy.a(stm32h7xx_hal_cortex.o)
                0x08004ed0                HAL_SYSTICK_Config
 .text.HAL_MPU_Disable
                0x08004efc       0x1c ../../libdaisy/build\libdaisy.a(stm32h7xx_hal_cortex.o)
                0x08004efc                HAL_MPU_Disable
 .text.HAL_MPU_Enable
                0x08004f18       0x20 ../../libdaisy/build\libdaisy.a(stm32h7xx_hal_cortex.o)
                0x08004f18                HAL_MPU_Enable
 .text.HAL_MPU_ConfigRegion
                0x08004f38       0x64 ../../libdaisy/build\libdaisy.a(stm32h7xx_hal_cortex.o)
                0x08004f38                HAL_MPU_ConfigRegion
 .text.HAL_SYSTICK_Callback
                0x08004f9c        0x4 ../../libdaisy/build\libdaisy.a(stm32h7xx_hal_cortex.o)
                0x08004f9c                HAL_SYSTICK_Callback
 .text.HAL_SYSTICK_IRQHandler
                0x08004fa0        0x8 ../../libdaisy/build\libdaisy.a(stm32h7xx_hal_cortex.o)
                0x08004fa0                HAL_SYSTICK_IRQHandler
 .text.DMA_CalcBaseAndBitshift
                0x08004fa8       0xf4 ../../libdaisy/build\libdaisy.a(stm32h7xx_hal_dma.o)
 .text.DMA_CalcDMAMUXChannelBaseAndMask
                0x0800509c       0xd8 ../../libdaisy/build\libdaisy.a(stm32h7xx_hal_dma.o)
 .text.HAL_DMA_Init
                0x08005174      0x37c ../../libdaisy/build\libdaisy.a(stm32h7xx_hal_dma.o)
                0x08005174                HAL_DMA_Init
 .text.HAL_DMA_Start_IT
                0x080054f0      0x240 ../../libdaisy/build\libdaisy.a(stm32h7xx_hal_dma.o)
                0x080054f0                HAL_DMA_Start_IT
 .text.HAL_DMA_Abort_IT
                0x08005730      0x134 ../../libdaisy/build\libdaisy.a(stm32h7xx_hal_dma.o)
                0x08005730                HAL_DMA_Abort_IT
 .text.HAL_DMA_IRQHandler
                0x08005864      0x6a0 ../../libdaisy/build\libdaisy.a(stm32h7xx_hal_dma.o)
                0x08005864                HAL_DMA_IRQHandler
 .text.HAL_DMA_GetError
                0x08005f04        0x4 ../../libdaisy/build\libdaisy.a(stm32h7xx_hal_dma.o)
                0x08005f04                HAL_DMA_GetError
 .text.HAL_GPIO_Init
                0x08005f08      0x280 ../../libdaisy/build\libdaisy.a(stm32h7xx_hal_gpio.o)
                0x08005f08                HAL_GPIO_Init
 .text.HAL_GPIO_DeInit
                0x08006188      0x190 ../../libdaisy/build\libdaisy.a(stm32h7xx_hal_gpio.o)
                0x08006188                HAL_GPIO_DeInit
 .text.HAL_GPIO_ReadPin
                0x08006318        0xc ../../libdaisy/build\libdaisy.a(stm32h7xx_hal_gpio.o)
                0x08006318                HAL_GPIO_ReadPin
 .text.HAL_GPIO_WritePin
                0x08006324        0x8 ../../libdaisy/build\libdaisy.a(stm32h7xx_hal_gpio.o)
                0x08006324                HAL_GPIO_WritePin
 .text.I2C_WaitOnTXISFlagUntilTimeout
                0x0800632c       0xb8 ../../libdaisy/build\libdaisy.a(stm32h7xx_hal_i2c.o)
 .text.I2C_WaitOnSTOPFlagUntilTimeout
                0x080063e4       0xac ../../libdaisy/build\libdaisy.a(stm32h7xx_hal_i2c.o)
 .text.HAL_I2C_Init
                0x08006490       0xac ../../libdaisy/build\libdaisy.a(stm32h7xx_hal_i2c.o)
                0x08006490                HAL_I2C_Init
 .text.HAL_I2C_Master_Transmit
                0x0800653c      0x1a8 ../../libdaisy/build\libdaisy.a(stm32h7xx_hal_i2c.o)
                0x0800653c                HAL_I2C_Master_Transmit
 .text.HAL_I2C_Master_Transmit_DMA
                0x080066e4      0x174 ../../libdaisy/build\libdaisy.a(stm32h7xx_hal_i2c.o)
                0x080066e4                HAL_I2C_Master_Transmit_DMA
 .text.HAL_I2C_EV_IRQHandler
                0x08006858       0x10 ../../libdaisy/build\libdaisy.a(stm32h7xx_hal_i2c.o)
                0x08006858                HAL_I2C_EV_IRQHandler
 .text.HAL_I2C_MasterRxCpltCallback
                0x08006868        0x4 ../../libdaisy/build\libdaisy.a(stm32h7xx_hal_i2c.o)
                0x08006868                HAL_I2C_MasterRxCpltCallback
 .text.HAL_I2C_SlaveTxCpltCallback
                0x0800686c        0x4 ../../libdaisy/build\libdaisy.a(stm32h7xx_hal_i2c.o)
                0x0800686c                HAL_I2C_SlaveTxCpltCallback
 .text.HAL_I2C_SlaveRxCpltCallback
                0x08006870        0x4 ../../libdaisy/build\libdaisy.a(stm32h7xx_hal_i2c.o)
                0x08006870                HAL_I2C_SlaveRxCpltCallback
 .text.HAL_I2C_AddrCallback
                0x08006874        0x4 ../../libdaisy/build\libdaisy.a(stm32h7xx_hal_i2c.o)
                0x08006874                HAL_I2C_AddrCallback
 .text.I2C_ITAddrCplt.part.0
                0x08006878       0x64 ../../libdaisy/build\libdaisy.a(stm32h7xx_hal_i2c.o)
 .text.HAL_I2C_ListenCpltCallback
                0x080068dc        0x4 ../../libdaisy/build\libdaisy.a(stm32h7xx_hal_i2c.o)
                0x080068dc                HAL_I2C_ListenCpltCallback
 .text.HAL_I2C_MemTxCpltCallback
                0x080068e0        0x4 ../../libdaisy/build\libdaisy.a(stm32h7xx_hal_i2c.o)
                0x080068e0                HAL_I2C_MemTxCpltCallback
 .text.HAL_I2C_MemRxCpltCallback
                0x080068e4        0x4 ../../libdaisy/build\libdaisy.a(stm32h7xx_hal_i2c.o)
                0x080068e4                HAL_I2C_MemRxCpltCallback
 .text.HAL_I2C_AbortCpltCallback
                0x080068e8        0x4 ../../libdaisy/build\libdaisy.a(stm32h7xx_hal_i2c.o)
                0x080068e8                HAL_I2C_AbortCpltCallback
 .text.I2C_ITError
                0x080068ec      0x114 ../../libdaisy/build\libdaisy.a(stm32h7xx_hal_i2c.o)
 .text.I2C_ITSlaveCplt
                0x08006a00      0x1d8 ../../libdaisy/build\libdaisy.a(stm32h7xx_hal_i2c.o)
 .text.I2C_Slave_ISR_IT
                0x08006bd8      0x324 ../../libdaisy/build\libdaisy.a(stm32h7xx_hal_i2c.o)
 .text.I2C_ITMasterCplt
                0x08006efc       0xe8 ../../libdaisy/build\libdaisy.a(stm32h7xx_hal_i2c.o)
 .text.I2C_Master_ISR_IT
                0x08006fe4      0x1f4 ../../libdaisy/build\libdaisy.a(stm32h7xx_hal_i2c.o)
 .text.I2C_Slave_ISR_DMA
                0x080071d8      0x1e4 ../../libdaisy/build\libdaisy.a(stm32h7xx_hal_i2c.o)
 .text.I2C_Master_ISR_DMA
                0x080073bc      0x22c ../../libdaisy/build\libdaisy.a(stm32h7xx_hal_i2c.o)
 .text.I2C_DMAError
                0x080075e8       0x48 ../../libdaisy/build\libdaisy.a(stm32h7xx_hal_i2c.o)
 .text.I2C_DMAMasterTransmitCplt
                0x08007630       0x90 ../../libdaisy/build\libdaisy.a(stm32h7xx_hal_i2c.o)
 .text.I2C_DMAAbort
                0x080076c0       0x28 ../../libdaisy/build\libdaisy.a(stm32h7xx_hal_i2c.o)
 .text.HAL_I2C_GetState
                0x080076e8        0x8 ../../libdaisy/build\libdaisy.a(stm32h7xx_hal_i2c.o)
                0x080076e8                HAL_I2C_GetState
 .text.HAL_I2CEx_ConfigAnalogFilter
                0x080076f0       0x54 ../../libdaisy/build\libdaisy.a(stm32h7xx_hal_i2c_ex.o)
                0x080076f0                HAL_I2CEx_ConfigAnalogFilter
 .text.HAL_I2CEx_ConfigDigitalFilter
                0x08007744       0x58 ../../libdaisy/build\libdaisy.a(stm32h7xx_hal_i2c_ex.o)
                0x08007744                HAL_I2CEx_ConfigDigitalFilter
 .text.HAL_PWREx_ConfigSupply
                0x0800779c       0x4c ../../libdaisy/build\libdaisy.a(stm32h7xx_hal_pwr_ex.o)
                0x0800779c                HAL_PWREx_ConfigSupply
 .text.HAL_PWREx_EnableUSBVoltageDetector
                0x080077e8       0x10 ../../libdaisy/build\libdaisy.a(stm32h7xx_hal_pwr_ex.o)
                0x080077e8                HAL_PWREx_EnableUSBVoltageDetector
 .text.QSPI_Config
                0x080077f8      0x174 ../../libdaisy/build\libdaisy.a(stm32h7xx_hal_qspi.o)
 .text.HAL_QSPI_Init
                0x0800796c       0xd8 ../../libdaisy/build\libdaisy.a(stm32h7xx_hal_qspi.o)
                0x0800796c                HAL_QSPI_Init
 .text.HAL_QSPI_DeInit
                0x08007a44       0x3c ../../libdaisy/build\libdaisy.a(stm32h7xx_hal_qspi.o)
                0x08007a44                HAL_QSPI_DeInit
 .text.HAL_QSPI_Command
                0x08007a80       0xd4 ../../libdaisy/build\libdaisy.a(stm32h7xx_hal_qspi.o)
                0x08007a80                HAL_QSPI_Command
 .text.HAL_QSPI_Transmit
                0x08007b54       0xfc ../../libdaisy/build\libdaisy.a(stm32h7xx_hal_qspi.o)
                0x08007b54                HAL_QSPI_Transmit
 .text.HAL_QSPI_Receive
                0x08007c50      0x108 ../../libdaisy/build\libdaisy.a(stm32h7xx_hal_qspi.o)
                0x08007c50                HAL_QSPI_Receive
 .text.HAL_QSPI_AutoPolling
                0x08007d58       0xf0 ../../libdaisy/build\libdaisy.a(stm32h7xx_hal_qspi.o)
                0x08007d58                HAL_QSPI_AutoPolling
 .text.HAL_QSPI_MemoryMapped
                0x08007e48       0xc0 ../../libdaisy/build\libdaisy.a(stm32h7xx_hal_qspi.o)
                0x08007e48                HAL_QSPI_MemoryMapped
 .text.HAL_QSPI_ErrorCallback
                0x08007f08        0x4 ../../libdaisy/build\libdaisy.a(stm32h7xx_hal_qspi.o)
                0x08007f08                HAL_QSPI_ErrorCallback
 .text.QSPI_DMAAbortCplt
                0x08007f0c       0x38 ../../libdaisy/build\libdaisy.a(stm32h7xx_hal_qspi.o)
 .text.HAL_QSPI_AbortCpltCallback
                0x08007f44        0x4 ../../libdaisy/build\libdaisy.a(stm32h7xx_hal_qspi.o)
                0x08007f44                HAL_QSPI_AbortCpltCallback
 .text.HAL_QSPI_CmdCpltCallback
                0x08007f48        0x4 ../../libdaisy/build\libdaisy.a(stm32h7xx_hal_qspi.o)
                0x08007f48                HAL_QSPI_CmdCpltCallback
 .text.HAL_QSPI_RxCpltCallback
                0x08007f4c        0x4 ../../libdaisy/build\libdaisy.a(stm32h7xx_hal_qspi.o)
                0x08007f4c                HAL_QSPI_RxCpltCallback
 .text.HAL_QSPI_TxCpltCallback
                0x08007f50        0x4 ../../libdaisy/build\libdaisy.a(stm32h7xx_hal_qspi.o)
                0x08007f50                HAL_QSPI_TxCpltCallback
 .text.HAL_QSPI_FifoThresholdCallback
                0x08007f54        0x4 ../../libdaisy/build\libdaisy.a(stm32h7xx_hal_qspi.o)
                0x08007f54                HAL_QSPI_FifoThresholdCallback
 .text.HAL_QSPI_StatusMatchCallback
                0x08007f58        0x4 ../../libdaisy/build\libdaisy.a(stm32h7xx_hal_qspi.o)
                0x08007f58                HAL_QSPI_StatusMatchCallback
 .text.HAL_QSPI_TimeOutCallback
                0x08007f5c        0x4 ../../libdaisy/build\libdaisy.a(stm32h7xx_hal_qspi.o)
                0x08007f5c                HAL_QSPI_TimeOutCallback
 .text.HAL_QSPI_IRQHandler
                0x08007f60      0x210 ../../libdaisy/build\libdaisy.a(stm32h7xx_hal_qspi.o)
                0x08007f60                HAL_QSPI_IRQHandler
 .text.HAL_RCC_OscConfig
                0x08008170      0x51c ../../libdaisy/build\libdaisy.a(stm32h7xx_hal_rcc.o)
                0x08008170                HAL_RCC_OscConfig
 .text.HAL_RCC_GetSysClockFreq
                0x0800868c      0x140 ../../libdaisy/build\libdaisy.a(stm32h7xx_hal_rcc.o)
                0x0800868c                HAL_RCC_GetSysClockFreq
 .text.HAL_RCC_ClockConfig
                0x080087cc      0x234 ../../libdaisy/build\libdaisy.a(stm32h7xx_hal_rcc.o)
                0x080087cc                HAL_RCC_ClockConfig
 .text.HAL_RCC_GetHCLKFreq
                0x08008a00       0x2c ../../libdaisy/build\libdaisy.a(stm32h7xx_hal_rcc.o)
                0x08008a00                HAL_RCC_GetHCLKFreq
 .text.HAL_RCC_GetPCLK1Freq
                0x08008a2c       0x38 ../../libdaisy/build\libdaisy.a(stm32h7xx_hal_rcc.o)
                0x08008a2c                HAL_RCC_GetPCLK1Freq
 .text.RCCEx_PLL2_Config
                0x08008a64       0xf4 ../../libdaisy/build\libdaisy.a(stm32h7xx_hal_rcc_ex.o)
 .text.RCCEx_PLL3_Config
                0x08008b58       0xf4 ../../libdaisy/build\libdaisy.a(stm32h7xx_hal_rcc_ex.o)
 .text.HAL_RCCEx_PeriphCLKConfig
                0x08008c4c      0xa7c ../../libdaisy/build\libdaisy.a(stm32h7xx_hal_rcc_ex.o)
                0x08008c4c                HAL_RCCEx_PeriphCLKConfig
 .text.HAL_RCCEx_GetPLL2ClockFreq
                0x080096c8      0x17c ../../libdaisy/build\libdaisy.a(stm32h7xx_hal_rcc_ex.o)
                0x080096c8                HAL_RCCEx_GetPLL2ClockFreq
 .text.HAL_RCCEx_GetPLL3ClockFreq
                0x08009844      0x17c ../../libdaisy/build\libdaisy.a(stm32h7xx_hal_rcc_ex.o)
                0x08009844                HAL_RCCEx_GetPLL3ClockFreq
 .text.HAL_RCCEx_GetPLL1ClockFreq
                0x080099c0      0x17c ../../libdaisy/build\libdaisy.a(stm32h7xx_hal_rcc_ex.o)
                0x080099c0                HAL_RCCEx_GetPLL1ClockFreq
 .text.HAL_RCCEx_GetPeriphCLKFreq
                0x08009b3c      0x198 ../../libdaisy/build\libdaisy.a(stm32h7xx_hal_rcc_ex.o)
                0x08009b3c                HAL_RCCEx_GetPeriphCLKFreq
 .text.HAL_RCCEx_GetD1SysClockFreq
                0x08009cd4       0x2c ../../libdaisy/build\libdaisy.a(stm32h7xx_hal_rcc_ex.o)
                0x08009cd4                HAL_RCCEx_GetD1SysClockFreq
 .text.HAL_SAI_Init.part.0
                0x08009d00      0x348 ../../libdaisy/build\libdaisy.a(stm32h7xx_hal_sai.o)
 .text.HAL_SAI_InitProtocol
                0x0800a048      0x178 ../../libdaisy/build\libdaisy.a(stm32h7xx_hal_sai.o)
                0x0800a048                HAL_SAI_InitProtocol
 .text.HAL_SAI_Transmit_DMA
                0x0800a1c0      0x124 ../../libdaisy/build\libdaisy.a(stm32h7xx_hal_sai.o)
                0x0800a1c0                HAL_SAI_Transmit_DMA
 .text.HAL_SAI_Receive_DMA
                0x0800a2e4       0xd0 ../../libdaisy/build\libdaisy.a(stm32h7xx_hal_sai.o)
                0x0800a2e4                HAL_SAI_Receive_DMA
 .text.HAL_SAI_TxCpltCallback
                0x0800a3b4        0x4 ../../libdaisy/build\libdaisy.a(stm32h7xx_hal_sai.o)
                0x0800a3b4                HAL_SAI_TxCpltCallback
 .text.SAI_DMATxCplt
                0x0800a3b8       0x64 ../../libdaisy/build\libdaisy.a(stm32h7xx_hal_sai.o)
 .text.HAL_SAI_TxHalfCpltCallback
                0x0800a41c        0x4 ../../libdaisy/build\libdaisy.a(stm32h7xx_hal_sai.o)
                0x0800a41c                HAL_SAI_TxHalfCpltCallback
 .text.SAI_DMATxHalfCplt
                0x0800a420        0xc ../../libdaisy/build\libdaisy.a(stm32h7xx_hal_sai.o)
 .text.SAI_DMARxCplt
                0x0800a42c       0x64 ../../libdaisy/build\libdaisy.a(stm32h7xx_hal_sai.o)
 .text.SAI_DMARxHalfCplt
                0x0800a490        0xc ../../libdaisy/build\libdaisy.a(stm32h7xx_hal_sai.o)
 .text.HAL_SAI_ErrorCallback
                0x0800a49c        0x4 ../../libdaisy/build\libdaisy.a(stm32h7xx_hal_sai.o)
                0x0800a49c                HAL_SAI_ErrorCallback
 .text.SAI_DMAError
                0x0800a4a0       0x6c ../../libdaisy/build\libdaisy.a(stm32h7xx_hal_sai.o)
 .text.HAL_SDRAM_Init
                0x0800a50c       0x54 ../../libdaisy/build\libdaisy.a(stm32h7xx_hal_sdram.o)
                0x0800a50c                HAL_SDRAM_Init
 .text.HAL_SDRAM_SendCommand
                0x0800a560       0x40 ../../libdaisy/build\libdaisy.a(stm32h7xx_hal_sdram.o)
                0x0800a560                HAL_SDRAM_SendCommand
 .text.HAL_SDRAM_ProgramRefreshRate
                0x0800a5a0       0x30 ../../libdaisy/build\libdaisy.a(stm32h7xx_hal_sdram.o)
                0x0800a5a0                HAL_SDRAM_ProgramRefreshRate
 .text.FMC_SDRAM_Init
                0x0800a5d0       0x7c ../../libdaisy/build\libdaisy.a(stm32h7xx_ll_fmc.o)
                0x0800a5d0                FMC_SDRAM_Init
 .text.FMC_SDRAM_Timing_Init
                0x0800a64c       0x98 ../../libdaisy/build\libdaisy.a(stm32h7xx_ll_fmc.o)
                0x0800a64c                FMC_SDRAM_Timing_Init
 .text.FMC_SDRAM_SendCommand
                0x0800a6e4       0x28 ../../libdaisy/build\libdaisy.a(stm32h7xx_ll_fmc.o)
                0x0800a6e4                FMC_SDRAM_SendCommand
 .text.FMC_SDRAM_ProgramRefreshRate
                0x0800a70c       0x1c ../../libdaisy/build\libdaisy.a(stm32h7xx_ll_fmc.o)
                0x0800a70c                FMC_SDRAM_ProgramRefreshRate
 .text.HAL_TIM_Base_MspInit
                0x0800a728       0xcc ../../libdaisy/build\libdaisy.a(tim.o)
                0x0800a728                HAL_TIM_Base_MspInit
 .text._ZN5daisy11TimerHandle4InitERKNS0_6ConfigE
                0x0800a7f4       0xc4 ../../libdaisy/build\libdaisy.a(tim.o)
                0x0800a7f4                daisy::TimerHandle::Init(daisy::TimerHandle::Config const&)
 .text._ZN5daisy11TimerHandle5StartEv
                0x0800a8b8       0x14 ../../libdaisy/build\libdaisy.a(tim.o)
                0x0800a8b8                daisy::TimerHandle::Start()
 .text.dsy_dma_init
                0x0800a8cc       0xd0 ../../libdaisy/build\libdaisy.a(dma.o)
                0x0800a8cc                dsy_dma_init
 .text.HAL_MDMA_Abort_IT
                0x0800a99c       0x2c ../../libdaisy/build\libdaisy.a(stm32h7xx_hal_mdma.o)
                0x0800a99c                HAL_MDMA_Abort_IT
 .text.HAL_TIM_Base_Init
                0x0800a9c8      0x140 ../../libdaisy/build\libdaisy.a(stm32h7xx_hal_tim.o)
                0x0800a9c8                HAL_TIM_Base_Init
 .text.HAL_TIM_Base_Start
                0x0800ab08       0x34 ../../libdaisy/build\libdaisy.a(stm32h7xx_hal_tim.o)
                0x0800ab08                HAL_TIM_Base_Start
 .text.HAL_TIM_ConfigClockSource
                0x0800ab3c      0x17c ../../libdaisy/build\libdaisy.a(stm32h7xx_hal_tim.o)
                0x0800ab3c                HAL_TIM_ConfigClockSource
 .text.HAL_TIMEx_MasterConfigSynchronization
                0x0800acb8       0x64 ../../libdaisy/build\libdaisy.a(stm32h7xx_hal_tim_ex.o)
                0x0800acb8                HAL_TIMEx_MasterConfigSynchronization
 .text._ZN7daisysp10Compressor4InitEf
                0x0800ad1c      0x138 ../../DaisySP/build\libdaisysp.a(compressor.o)
                0x0800ad1c                daisysp::Compressor::Init(float)
 .text._ZN7daisysp10Compressor7ProcessEf
                0x0800ae54       0xf8 ../../DaisySP/build\libdaisysp.a(compressor.o)
                0x0800ae54                daisysp::Compressor::Process(float)
 .text.__aeabi_atexit
                0x0800af4c        0xa d:/gnu_arm_embedded_toolchain/10_2020-q4-major/bin/../lib/gcc/arm-none-eabi/10.2.1/../../../../arm-none-eabi/lib/thumb/v7e-m+dp/hard\libstdc++_nano.a(atexit_arm.o)
                0x0800af4c                __aeabi_atexit
 *fill*         0x0800af56        0x2 
 .text.expf     0x0800af58       0xe4 d:/gnu_arm_embedded_toolchain/10_2020-q4-major/bin/../lib/gcc/arm-none-eabi/10.2.1/../../../../arm-none-eabi/lib/thumb/v7e-m+dp/hard\libm.a(lib_a-sf_exp.o)
                0x0800af58                expf
 .text.frexpf   0x0800b03c       0x54 d:/gnu_arm_embedded_toolchain/10_2020-q4-major/bin/../lib/gcc/arm-none-eabi/10.2.1/../../../../arm-none-eabi/lib/thumb/v7e-m+dp/hard\libm.a(lib_a-sf_frexp.o)
                0x0800b03c                frexpf
 .text.with_errnof
                0x0800b090       0x18 d:/gnu_arm_embedded_toolchain/10_2020-q4-major/bin/../lib/gcc/arm-none-eabi/10.2.1/../../../../arm-none-eabi/lib/thumb/v7e-m+dp/hard\libm.a(lib_a-math_errf.o)
 .text.xflowf   0x0800b0a8       0x20 d:/gnu_arm_embedded_toolchain/10_2020-q4-major/bin/../lib/gcc/arm-none-eabi/10.2.1/../../../../arm-none-eabi/lib/thumb/v7e-m+dp/hard\libm.a(lib_a-math_errf.o)
 .text.__math_uflowf
                0x0800b0c8        0xc d:/gnu_arm_embedded_toolchain/10_2020-q4-major/bin/../lib/gcc/arm-none-eabi/10.2.1/../../../../arm-none-eabi/lib/thumb/v7e-m+dp/hard\libm.a(lib_a-math_errf.o)
                0x0800b0c8                __math_uflowf
 .text.__math_may_uflowf
                0x0800b0d4        0xc d:/gnu_arm_embedded_toolchain/10_2020-q4-major/bin/../lib/gcc/arm-none-eabi/10.2.1/../../../../arm-none-eabi/lib/thumb/v7e-m+dp/hard\libm.a(lib_a-math_errf.o)
                0x0800b0d4                __math_may_uflowf
 .text.__math_oflowf
                0x0800b0e0        0xc d:/gnu_arm_embedded_toolchain/10_2020-q4-major/bin/../lib/gcc/arm-none-eabi/10.2.1/../../../../arm-none-eabi/lib/thumb/v7e-m+dp/hard\libm.a(lib_a-math_errf.o)
                0x0800b0e0                __math_oflowf
 .text.__cxa_atexit
                0x0800b0ec       0x1c d:/gnu_arm_embedded_toolchain/10_2020-q4-major/bin/../lib/gcc/arm-none-eabi/10.2.1/../../../../arm-none-eabi/lib/thumb/v7e-m+dp/hard\libc_nano.a(lib_a-cxa_atexit.o)
                0x0800b0ec                __cxa_atexit
 .text.__errno  0x0800b108        0xc d:/gnu_arm_embedded_toolchain/10_2020-q4-major/bin/../lib/gcc/arm-none-eabi/10.2.1/../../../../arm-none-eabi/lib/thumb/v7e-m+dp/hard\libc_nano.a(lib_a-errno.o)
                0x0800b108                __errno
 .text.__libc_init_array
                0x0800b114       0x48 d:/gnu_arm_embedded_toolchain/10_2020-q4-major/bin/../lib/gcc/arm-none-eabi/10.2.1/../../../../arm-none-eabi/lib/thumb/v7e-m+dp/hard\libc_nano.a(lib_a-init.o)
                0x0800b114                __libc_init_array
 .text.memcpy   0x0800b15c       0x1c d:/gnu_arm_embedded_toolchain/10_2020-q4-major/bin/../lib/gcc/arm-none-eabi/10.2.1/../../../../arm-none-eabi/lib/thumb/v7e-m+dp/hard\libc_nano.a(lib_a-memcpy-stub.o)
                0x0800b15c                memcpy
 .text.memset   0x0800b178       0x10 d:/gnu_arm_embedded_toolchain/10_2020-q4-major/bin/../lib/gcc/arm-none-eabi/10.2.1/../../../../arm-none-eabi/lib/thumb/v7e-m+dp/hard\libc_nano.a(lib_a-memset.o)
                0x0800b178                memset
 *(.rodata)
 .rodata        0x0800b188      0x200 build/Compressor.o
 .rodata        0x0800b388        0x8 ../../libdaisy/build\libdaisy.a(daisy_petal.o)
 .rodata        0x0800b390       0x10 ../../libdaisy/build\libdaisy.a(i2c.o)
 .rodata        0x0800b3a0       0x10 ../../libdaisy/build\libdaisy.a(tim.o)
 *(.rodata*)
 .rodata._ZN5daisy10DaisyPetal9ClearLedsEv.str1.4
                0x0800b3b0       0x15 ../../libdaisy/build\libdaisy.a(daisy_petal.o)
 *fill*         0x0800b3c5        0x3 
 .rodata._ZN5daisy10DaisyPetal12InitSwitchesEv.str1.4
                0x0800b3c8        0x8 ../../libdaisy/build\libdaisy.a(daisy_petal.o)
 .rodata._ZL20petal_led_i2c_config
                0x0800b3d0        0xc ../../libdaisy/build\libdaisy.a(daisy_petal.o)
 .rodata._ZL8seedgpio
                0x0800b3dc       0x3e ../../libdaisy/build\libdaisy.a(daisy_seed.o)
 *fill*         0x0800b41a        0x2 
 .rodata._ZL16dsy_adc_rank_map
                0x0800b41c       0x40 ../../libdaisy/build\libdaisy.a(adc.o)
 .rodata.HAL_QSPI_MspInit.str1.4
                0x0800b45c        0x7 ../../libdaisy/build\libdaisy.a(qspi.o)
 *fill*         0x0800b463        0x1 
 .rodata.CSWTCH.33
                0x0800b464        0x3 ../../libdaisy/build\libdaisy.a(sai.o)
 *fill*         0x0800b467        0x1 
 .rodata.CSWTCH.34
                0x0800b468        0xc ../../libdaisy/build\libdaisy.a(sai.o)
 .rodata.CSWTCH.41
                0x0800b474       0x14 ../../libdaisy/build\libdaisy.a(sai.o)
 .rodata.D1CorePrescTable
                0x0800b488       0x10 ../../libdaisy/build\libdaisy.a(system_stm32h7xx.o)
                0x0800b488                D1CorePrescTable
 .rodata.gpio_hal_pin_map
                0x0800b498       0x20 ../../libdaisy/build\libdaisy.a(hal_map.o)
 .rodata.gpio_hal_port_map
                0x0800b4b8       0x30 ../../libdaisy/build\libdaisy.a(hal_map.o)
 .rodata.flagBitshiftOffset.0
                0x0800b4e8        0x8 ../../libdaisy/build\libdaisy.a(stm32h7xx_hal_dma.o)
 .rodata.__exp2f_data
                0x0800b4f0      0x148 d:/gnu_arm_embedded_toolchain/10_2020-q4-major/bin/../lib/gcc/arm-none-eabi/10.2.1/../../../../arm-none-eabi/lib/thumb/v7e-m+dp/hard\libm.a(lib_a-sf_exp2_data.o)
                0x0800b4f0                __exp2f_data
 *(.glue_7)
 .glue_7        0x0800b638        0x0 linker stubs
 *(.glue_7t)
 .glue_7t       0x0800b638        0x0 linker stubs
 *(.init)
 .init          0x0800b638        0x4 d:/gnu_arm_embedded_toolchain/10_2020-q4-major/bin/../lib/gcc/arm-none-eabi/10.2.1/thumb/v7e-m+dp/hard/crti.o
                0x0800b638                _init
 .init          0x0800b63c        0x8 d:/gnu_arm_embedded_toolchain/10_2020-q4-major/bin/../lib/gcc/arm-none-eabi/10.2.1/thumb/v7e-m+dp/hard/crtn.o
 *(.fini)
 .fini          0x0800b644        0x4 d:/gnu_arm_embedded_toolchain/10_2020-q4-major/bin/../lib/gcc/arm-none-eabi/10.2.1/thumb/v7e-m+dp/hard/crti.o
                0x0800b644                _fini
 .fini          0x0800b648        0x8 d:/gnu_arm_embedded_toolchain/10_2020-q4-major/bin/../lib/gcc/arm-none-eabi/10.2.1/thumb/v7e-m+dp/hard/crtn.o
                0x0800b650                . = ALIGN (0x4)
                0x0800b650                _etext = .

.eh_frame       0x0800b650        0x0
 .eh_frame      0x0800b650        0x0 d:/gnu_arm_embedded_toolchain/10_2020-q4-major/bin/../lib/gcc/arm-none-eabi/10.2.1/thumb/v7e-m+dp/hard/crtbegin.o

.vfp11_veneer   0x0800b650        0x0
 .vfp11_veneer  0x0800b650        0x0 linker stubs

.v4_bx          0x0800b650        0x0
 .v4_bx         0x0800b650        0x0 linker stubs

.iplt           0x0800b650        0x0
 .iplt          0x0800b650        0x0 d:/gnu_arm_embedded_toolchain/10_2020-q4-major/bin/../lib/gcc/arm-none-eabi/10.2.1/thumb/v7e-m+dp/hard/crtbegin.o

.rel.dyn        0x0800b650        0x0
 .rel.iplt      0x0800b650        0x0 d:/gnu_arm_embedded_toolchain/10_2020-q4-major/bin/../lib/gcc/arm-none-eabi/10.2.1/thumb/v7e-m+dp/hard/crtbegin.o

.ARM.extab      0x0800b650        0x0
                0x0800b650                . = ALIGN (0x4)
 *(.ARM.extab)
 *(.gnu.linkonce.armextab.*)
                0x0800b650                . = ALIGN (0x4)

.exidx          0x0800b650        0x0
                0x0800b650                . = ALIGN (0x4)
                [!provide]                PROVIDE (__exidx_start = .)
 *(.ARM.exidx*)
                0x0800b650                . = ALIGN (0x4)
                [!provide]                PROVIDE (__exidx_end = .)

.ARM.attributes
                0x0800b650       0x2e
 *(.ARM.attributes)
 .ARM.attributes
                0x0800b650       0x1e d:/gnu_arm_embedded_toolchain/10_2020-q4-major/bin/../lib/gcc/arm-none-eabi/10.2.1/thumb/v7e-m+dp/hard/crti.o
 .ARM.attributes
                0x0800b66e       0x32 d:/gnu_arm_embedded_toolchain/10_2020-q4-major/bin/../lib/gcc/arm-none-eabi/10.2.1/thumb/v7e-m+dp/hard/crtbegin.o
 .ARM.attributes
                0x0800b6a0       0x32 build/startup_stm32h750xx.o
 .ARM.attributes
                0x0800b6d2       0x32 build/Compressor.o
 .ARM.attributes
                0x0800b704       0x32 ../../libdaisy/build\libdaisy.a(daisy_petal.o)
 .ARM.attributes
                0x0800b736       0x32 ../../libdaisy/build\libdaisy.a(daisy_seed.o)
 .ARM.attributes
                0x0800b768       0x32 ../../libdaisy/build\libdaisy.a(codec_ak4556.o)
 .ARM.attributes
                0x0800b79a       0x32 ../../libdaisy/build\libdaisy.a(sdram.o)
 .ARM.attributes
                0x0800b7cc       0x32 ../../libdaisy/build\libdaisy.a(audio.o)
 .ARM.attributes
                0x0800b7fe       0x32 ../../libdaisy/build\libdaisy.a(ctrl.o)
 .ARM.attributes
                0x0800b830       0x32 ../../libdaisy/build\libdaisy.a(encoder.o)
 .ARM.attributes
                0x0800b862       0x32 ../../libdaisy/build\libdaisy.a(switch.o)
 .ARM.attributes
                0x0800b894       0x32 ../../libdaisy/build\libdaisy.a(adc.o)
 .ARM.attributes
                0x0800b8c6       0x32 ../../libdaisy/build\libdaisy.a(gpio.o)
 .ARM.attributes
                0x0800b8f8       0x32 ../../libdaisy/build\libdaisy.a(i2c.o)
 .ARM.attributes
                0x0800b92a       0x32 ../../libdaisy/build\libdaisy.a(qspi.o)
 .ARM.attributes
                0x0800b95c       0x32 ../../libdaisy/build\libdaisy.a(sai.o)
 .ARM.attributes
                0x0800b98e       0x32 ../../libdaisy/build\libdaisy.a(system.o)
 .ARM.attributes
                0x0800b9c0       0x32 ../../libdaisy/build\libdaisy.a(system_stm32h7xx.o)
 .ARM.attributes
                0x0800b9f2       0x32 ../../libdaisy/build\libdaisy.a(hal_map.o)
 .ARM.attributes
                0x0800ba24       0x32 ../../libdaisy/build\libdaisy.a(stm32h7xx_hal.o)
 .ARM.attributes
                0x0800ba56       0x32 ../../libdaisy/build\libdaisy.a(stm32h7xx_hal_adc.o)
 .ARM.attributes
                0x0800ba88       0x32 ../../libdaisy/build\libdaisy.a(stm32h7xx_hal_adc_ex.o)
 .ARM.attributes
                0x0800baba       0x32 ../../libdaisy/build\libdaisy.a(stm32h7xx_hal_cortex.o)
 .ARM.attributes
                0x0800baec       0x32 ../../libdaisy/build\libdaisy.a(stm32h7xx_hal_dma.o)
 .ARM.attributes
                0x0800bb1e       0x32 ../../libdaisy/build\libdaisy.a(stm32h7xx_hal_gpio.o)
 .ARM.attributes
                0x0800bb50       0x32 ../../libdaisy/build\libdaisy.a(stm32h7xx_hal_i2c.o)
 .ARM.attributes
                0x0800bb82       0x32 ../../libdaisy/build\libdaisy.a(stm32h7xx_hal_i2c_ex.o)
 .ARM.attributes
                0x0800bbb4       0x32 ../../libdaisy/build\libdaisy.a(stm32h7xx_hal_pwr_ex.o)
 .ARM.attributes
                0x0800bbe6       0x32 ../../libdaisy/build\libdaisy.a(stm32h7xx_hal_qspi.o)
 .ARM.attributes
                0x0800bc18       0x32 ../../libdaisy/build\libdaisy.a(stm32h7xx_hal_rcc.o)
 .ARM.attributes
                0x0800bc4a       0x32 ../../libdaisy/build\libdaisy.a(stm32h7xx_hal_rcc_ex.o)
 .ARM.attributes
                0x0800bc7c       0x32 ../../libdaisy/build\libdaisy.a(stm32h7xx_hal_sai.o)
 .ARM.attributes
                0x0800bcae       0x32 ../../libdaisy/build\libdaisy.a(stm32h7xx_hal_sdram.o)
 .ARM.attributes
                0x0800bce0       0x32 ../../libdaisy/build\libdaisy.a(stm32h7xx_ll_fmc.o)
 .ARM.attributes
                0x0800bd12       0x32 ../../libdaisy/build\libdaisy.a(tim.o)
 .ARM.attributes
                0x0800bd44       0x32 ../../libdaisy/build\libdaisy.a(dma.o)
 .ARM.attributes
                0x0800bd76       0x32 ../../libdaisy/build\libdaisy.a(stm32h7xx_hal_mdma.o)
 .ARM.attributes
                0x0800bda8       0x32 ../../libdaisy/build\libdaisy.a(stm32h7xx_hal_tim.o)
 .ARM.attributes
                0x0800bdda       0x32 ../../libdaisy/build\libdaisy.a(stm32h7xx_hal_tim_ex.o)
 .ARM.attributes
                0x0800be0c       0x32 ../../DaisySP/build\libdaisysp.a(compressor.o)
 .ARM.attributes
                0x0800be3e       0x32 d:/gnu_arm_embedded_toolchain/10_2020-q4-major/bin/../lib/gcc/arm-none-eabi/10.2.1/../../../../arm-none-eabi/lib/thumb/v7e-m+dp/hard\libstdc++_nano.a(atexit_arm.o)
 .ARM.attributes
                0x0800be70       0x32 d:/gnu_arm_embedded_toolchain/10_2020-q4-major/bin/../lib/gcc/arm-none-eabi/10.2.1/../../../../arm-none-eabi/lib/thumb/v7e-m+dp/hard\libm.a(lib_a-sf_exp.o)
 .ARM.attributes
                0x0800bea2       0x30 d:/gnu_arm_embedded_toolchain/10_2020-q4-major/bin/../lib/gcc/arm-none-eabi/10.2.1/../../../../arm-none-eabi/lib/thumb/v7e-m+dp/hard\libm.a(lib_a-sf_exp2_data.o)
 .ARM.attributes
                0x0800bed2       0x32 d:/gnu_arm_embedded_toolchain/10_2020-q4-major/bin/../lib/gcc/arm-none-eabi/10.2.1/../../../../arm-none-eabi/lib/thumb/v7e-m+dp/hard\libm.a(lib_a-sf_frexp.o)
 .ARM.attributes
                0x0800bf04       0x32 d:/gnu_arm_embedded_toolchain/10_2020-q4-major/bin/../lib/gcc/arm-none-eabi/10.2.1/../../../../arm-none-eabi/lib/thumb/v7e-m+dp/hard\libm.a(lib_a-math_errf.o)
 .ARM.attributes
                0x0800bf36       0x32 d:/gnu_arm_embedded_toolchain/10_2020-q4-major/bin/../lib/gcc/arm-none-eabi/10.2.1/../../../../arm-none-eabi/lib/thumb/v7e-m+dp/hard\libc_nano.a(lib_a-cxa_atexit.o)
 .ARM.attributes
                0x0800bf68       0x32 d:/gnu_arm_embedded_toolchain/10_2020-q4-major/bin/../lib/gcc/arm-none-eabi/10.2.1/../../../../arm-none-eabi/lib/thumb/v7e-m+dp/hard\libc_nano.a(lib_a-errno.o)
 .ARM.attributes
                0x0800bf9a       0x30 d:/gnu_arm_embedded_toolchain/10_2020-q4-major/bin/../lib/gcc/arm-none-eabi/10.2.1/../../../../arm-none-eabi/lib/thumb/v7e-m+dp/hard\libc_nano.a(lib_a-impure.o)
 .ARM.attributes
                0x0800bfca       0x32 d:/gnu_arm_embedded_toolchain/10_2020-q4-major/bin/../lib/gcc/arm-none-eabi/10.2.1/../../../../arm-none-eabi/lib/thumb/v7e-m+dp/hard\libc_nano.a(lib_a-init.o)
 .ARM.attributes
                0x0800bffc       0x32 d:/gnu_arm_embedded_toolchain/10_2020-q4-major/bin/../lib/gcc/arm-none-eabi/10.2.1/../../../../arm-none-eabi/lib/thumb/v7e-m+dp/hard\libc_nano.a(lib_a-memcpy-stub.o)
 .ARM.attributes
                0x0800c02e       0x32 d:/gnu_arm_embedded_toolchain/10_2020-q4-major/bin/../lib/gcc/arm-none-eabi/10.2.1/../../../../arm-none-eabi/lib/thumb/v7e-m+dp/hard\libc_nano.a(lib_a-memset.o)
 .ARM.attributes
                0x0800c060       0x1e d:/gnu_arm_embedded_toolchain/10_2020-q4-major/bin/../lib/gcc/arm-none-eabi/10.2.1/thumb/v7e-m+dp/hard/crtn.o

.preinit_array  0x0800b650        0x0
                0x0800b650                PROVIDE (__preinit_array_start = .)
 *(.preinit_array*)
                0x0800b650                PROVIDE (__preinit_array_end = .)

.init_array     0x0800b650       0x14
                0x0800b650                PROVIDE (__init_array_start = .)
 *(SORT_BY_NAME(.init_array.*))
 *(.init_array*)
 .init_array    0x0800b650        0x4 d:/gnu_arm_embedded_toolchain/10_2020-q4-major/bin/../lib/gcc/arm-none-eabi/10.2.1/thumb/v7e-m+dp/hard/crtbegin.o
 .init_array    0x0800b654        0x4 build/Compressor.o
 .init_array    0x0800b658        0x4 ../../libdaisy/build\libdaisy.a(daisy_petal.o)
 .init_array    0x0800b65c        0x4 ../../libdaisy/build\libdaisy.a(audio.o)
 .init_array    0x0800b660        0x4 ../../libdaisy/build\libdaisy.a(system.o)
                0x0800b664                PROVIDE (__init_array_end = .)

.fini_array     0x0800b664        0x4
                [!provide]                PROVIDE (__fini_array_start = .)
 *(.fini_array*)
 .fini_array    0x0800b664        0x4 d:/gnu_arm_embedded_toolchain/10_2020-q4-major/bin/../lib/gcc/arm-none-eabi/10.2.1/thumb/v7e-m+dp/hard/crtbegin.o
 *(SORT_BY_NAME(.fini_array.*))
                [!provide]                PROVIDE (__fini_array_end = .)

.data           0x24000000       0x78 load address 0x0800b668
                0x24000000                . = ALIGN (0x4)
                0x24000000                _sdata = .
                [!provide]                PROVIDE (__data_start__ = _sdata)
 *(.data)
 .data          0x24000000        0x4 d:/gnu_arm_embedded_toolchain/10_2020-q4-major/bin/../lib/gcc/arm-none-eabi/10.2.1/thumb/v7e-m+dp/hard/crtbegin.o
                0x24000000                __dso_handle
 *(.data*)
 .data.SystemCoreClock
                0x24000004        0x4 ../../libdaisy/build\libdaisy.a(system_stm32h7xx.o)
                0x24000004                SystemCoreClock
 .data.SystemD2Clock
                0x24000008        0x4 ../../libdaisy/build\libdaisy.a(system_stm32h7xx.o)
                0x24000008                SystemD2Clock
 .data.uwTickFreq
                0x2400000c        0x1 ../../libdaisy/build\libdaisy.a(stm32h7xx_hal.o)
 *fill*         0x2400000d        0x3 
 .data.uwTickPrio
                0x24000010        0x4 ../../libdaisy/build\libdaisy.a(stm32h7xx_hal.o)
 .data._impure_ptr
                0x24000014        0x4 d:/gnu_arm_embedded_toolchain/10_2020-q4-major/bin/../lib/gcc/arm-none-eabi/10.2.1/../../../../arm-none-eabi/lib/thumb/v7e-m+dp/hard\libc_nano.a(lib_a-impure.o)
                0x24000014                _impure_ptr
 .data.impure_data
                0x24000018       0x60 d:/gnu_arm_embedded_toolchain/10_2020-q4-major/bin/../lib/gcc/arm-none-eabi/10.2.1/../../../../arm-none-eabi/lib/thumb/v7e-m+dp/hard\libc_nano.a(lib_a-impure.o)
                0x24000078                . = ALIGN (0x4)
                0x24000078                _edata = .
                [!provide]                PROVIDE (__data_end__ = _edata)
                0x0800b668                _sidata = LOADADDR (.data)

.igot.plt       0x24000078        0x0 load address 0x0800b6e0
 .igot.plt      0x24000078        0x0 d:/gnu_arm_embedded_toolchain/10_2020-q4-major/bin/../lib/gcc/arm-none-eabi/10.2.1/thumb/v7e-m+dp/hard/crtbegin.o

.bss            0x24000078     0x142c load address 0x0800b6e0
                0x24000078                . = ALIGN (0x4)
                0x24000078                _sbss = .
                0x24000078                PROVIDE (__bss_start__ = _sbss)
 *(.bss)
 .bss           0x24000078       0x1c d:/gnu_arm_embedded_toolchain/10_2020-q4-major/bin/../lib/gcc/arm-none-eabi/10.2.1/thumb/v7e-m+dp/hard/crtbegin.o
 *(.bss*)
 .bss.Petal     0x24000094      0x6b8 build/Compressor.o
                0x24000094                Petal
 .bss.attackParam
                0x2400074c       0x34 build/Compressor.o
                0x2400074c                attackParam
 .bss.comp      0x24000780       0x40 build/Compressor.o
                0x24000780                comp
 .bss.effectOn  0x240007c0        0x1 build/Compressor.o
                0x240007c0                effectOn
 *fill*         0x240007c1        0x3 
 .bss.ratioParam
                0x240007c4       0x34 build/Compressor.o
                0x240007c4                ratioParam
 .bss.releaseParam
                0x240007f8       0x34 build/Compressor.o
                0x240007f8                releaseParam
 .bss.threshParam
                0x2400082c       0x34 build/Compressor.o
                0x2400082c                threshParam
 .bss.FMC_Initialized
                0x24000860        0x4 ../../libdaisy/build\libdaisy.a(sdram.o)
 *fill*         0x24000864        0x4 
 .bss.dsy_sdram
                0x24000868       0x3c ../../libdaisy/build\libdaisy.a(sdram.o)
 .bss._ZN5daisyL12audio_handleE
                0x240008a4       0x30 ../../libdaisy/build\libdaisy.a(audio.o)
 *fill*         0x240008d4        0x4 
 .bss._ZL3adc   0x240008d8      0x210 ../../libdaisy/build\libdaisy.a(adc.o)
 .bss._ZN5daisy9I2CHandle4Impl14next_callback_E
                0x24000ae8        0x4 ../../libdaisy/build\libdaisy.a(i2c.o)
                0x24000ae8                daisy::I2CHandle::Impl::next_callback_
 .bss._ZN5daisy9I2CHandle4Impl21queued_dma_transfers_E
                0x24000aec       0x3c ../../libdaisy/build\libdaisy.a(i2c.o)
                0x24000aec                daisy::I2CHandle::Impl::queued_dma_transfers_
 .bss._ZN5daisy9I2CHandle4Impl22dma_active_peripheral_E
                0x24000b28        0x1 ../../libdaisy/build\libdaisy.a(i2c.o)
                0x24000b28                daisy::I2CHandle::Impl::dma_active_peripheral_
 *fill*         0x24000b29        0x3 
 .bss._ZN5daisy9I2CHandle4Impl22next_callback_context_E
                0x24000b2c        0x4 ../../libdaisy/build\libdaisy.a(i2c.o)
                0x24000b2c                daisy::I2CHandle::Impl::next_callback_context_
 .bss._ZN5daisyL11i2c_handlesE
                0x24000b30      0x340 ../../libdaisy/build\libdaisy.a(i2c.o)
 .bss.qspi_handle
                0x24000e70       0x54 ../../libdaisy/build\libdaisy.a(qspi.o)
 .bss._ZN5daisyL11sai_handlesE
                0x24000ec4      0x4b8 ../../libdaisy/build\libdaisy.a(sai.o)
 .bss._ZN5daisy6System4tim_E
                0x2400137c        0x4 ../../libdaisy/build\libdaisy.a(system.o)
                0x2400137c                daisy::System::tim_
 .bss.uwTick    0x24001380        0x4 ../../libdaisy/build\libdaisy.a(stm32h7xx_hal.o)
 .bss._ZN5daisyL11tim_handlesE
                0x24001384      0x120 ../../libdaisy/build\libdaisy.a(tim.o)
 *(COMMON)
                0x240014a4                . = ALIGN (0x4)
                0x240014a4                _ebss = .
                0x240014a4                PROVIDE (__bss_end__ = _ebss)
                [!provide]                PROVIDE (end = .)

.dtcmram_bss    0x20000000        0x0
                0x20000000                . = ALIGN (0x4)
                0x20000000                _sdtcmram_bss = .
                [!provide]                PROVIDE (__dtcmram_bss_start__ = _sdtcmram_bss)
 *(.dtcmram_bss)
 *(.dtcmram_bss*)
                0x20000000                . = ALIGN (0x4)
                0x20000000                _edtcmram_bss = .
                [!provide]                PROVIDE (__dtcmram_bss_end__ = _edtcmram_bss)

.sram1_bss      0x30000000     0x4220
                0x30000000                . = ALIGN (0x4)
                0x30000000                _ssram1_bss = .
                [!provide]                PROVIDE (__sram1_bss_start__ = _sram1_bss)
 *(.sram1_bss)
 .sram1_bss     0x30000000      0x106 ../../libdaisy/build\libdaisy.a(daisy_petal.o)
 *fill*         0x30000106        0x2 
 .sram1_bss     0x30000108     0x4000 ../../libdaisy/build\libdaisy.a(audio.o)
 .sram1_bss     0x30004108      0x118 ../../libdaisy/build\libdaisy.a(adc.o)
 *(.sram1_bss*)
                0x30004220                . = ALIGN (0x4)
                0x30004220                _esram1_bss = .
                [!provide]                PROVIDE (__sram1_bss_end__ = _esram1_bss)

.sdram_bss      0xc0000000        0x0
                0xc0000000                . = ALIGN (0x4)
                0xc0000000                _ssdram_bss = .
                [!provide]                PROVIDE (__sdram_bss_start = _ssdram_bss)
 *(.sdram_bss)
 *(.sdram_bss*)
                0xc0000000                . = ALIGN (0x4)
                0xc0000000                _esdram_bss = .
                [!provide]                PROVIDE (__sdram_bss_end = _esdram_bss)

.qspiflash_text
                0x90000000        0x0
                0x90000000                . = ALIGN (0x4)
                0x90000000                _sqspiflash_text = .
                [!provide]                PROVIDE (__qspiflash_text_start = _sqspiflash_text)
 *(.qspiflash_text)
 *(.qspiflash_text*)
                0x90000000                . = ALIGN (0x4)
                0x90000000                _eqspiflash_text = .
                [!provide]                PROVIDE (__qspiflash_text_end = _eqspiflash_text)

.qspiflash_data
                0x90000000        0x0
                0x90000000                . = ALIGN (0x4)
                0x90000000                _sqspiflash_data = .
                [!provide]                PROVIDE (__qspiflash_data_start = _sqspiflash_data)
 *(.qspiflash_data)
 *(.qspiflash_data*)
                0x90000000                . = ALIGN (0x4)
                0x90000000                _eqspiflash_data = .
                [!provide]                PROVIDE (__qspiflash_data_end = _eqspiflash_data)

.qspiflash_bss  0x90000000        0x0
                0x90000000                . = ALIGN (0x4)
                0x90000000                _sqspiflash_bss = .
                [!provide]                PROVIDE (__qspiflash_bss_start = _sqspiflash_bss)
 *(.qspiflash_bss)
 *(.qspiflash_bss*)
                0x90000000                . = ALIGN (0x4)
                0x90000000                _eqspiflash_bss = .
                [!provide]                PROVIDE (__qspiflash_bss_end = _eqspiflash_bss)

.heap           0x240014a4        0x0
                0x240014a4                . = ALIGN (0x4)
                [!provide]                PROVIDE (__heap_start__ = .)
 *(.heap)
                0x240014a4                . = ALIGN (0x4)
                [!provide]                PROVIDE (__heap_end__ = .)

.reserved_for_stack
                0x240014a4        0x0
                0x240014a4                . = ALIGN (0x4)
                [!provide]                PROVIDE (__reserved_for_stack_start__ = .)
 *(.reserved_for_stack)
                0x240014a4                . = ALIGN (0x4)
                [!provide]                PROVIDE (__reserved_for_stack_end__ = .)

DISCARD
 libc.a(*)
 libm.a(*)
 libgcc.a(*)
OUTPUT(build/Compressor.elf elf32-littlearm)
LOAD linker stubs
LOAD d:/gnu_arm_embedded_toolchain/10_2020-q4-major/bin/../lib/gcc/arm-none-eabi/10.2.1/../../../../arm-none-eabi/lib/thumb/v7e-m+dp/hard\libc.a
LOAD d:/gnu_arm_embedded_toolchain/10_2020-q4-major/bin/../lib/gcc/arm-none-eabi/10.2.1/../../../../arm-none-eabi/lib/thumb/v7e-m+dp/hard\libm.a
LOAD d:/gnu_arm_embedded_toolchain/10_2020-q4-major/bin/../lib/gcc/arm-none-eabi/10.2.1/thumb/v7e-m+dp/hard\libgcc.a

.comment        0x00000000       0x4d
 .comment       0x00000000       0x4d build/startup_stm32h750xx.o
                                 0x4e (size before relaxing)
 .comment       0x0000004d       0x4e build/Compressor.o
 .comment       0x0000004d       0x4e ../../libdaisy/build\libdaisy.a(daisy_petal.o)
 .comment       0x0000004d       0x4e ../../libdaisy/build\libdaisy.a(daisy_seed.o)
 .comment       0x0000004d       0x4e ../../libdaisy/build\libdaisy.a(codec_ak4556.o)
 .comment       0x0000004d       0x4e ../../libdaisy/build\libdaisy.a(sdram.o)
 .comment       0x0000004d       0x4e ../../libdaisy/build\libdaisy.a(audio.o)
 .comment       0x0000004d       0x4e ../../libdaisy/build\libdaisy.a(ctrl.o)
 .comment       0x0000004d       0x4e ../../libdaisy/build\libdaisy.a(encoder.o)
 .comment       0x0000004d       0x4e ../../libdaisy/build\libdaisy.a(switch.o)
 .comment       0x0000004d       0x4e ../../libdaisy/build\libdaisy.a(adc.o)
 .comment       0x0000004d       0x4e ../../libdaisy/build\libdaisy.a(gpio.o)
 .comment       0x0000004d       0x4e ../../libdaisy/build\libdaisy.a(i2c.o)
 .comment       0x0000004d       0x4e ../../libdaisy/build\libdaisy.a(qspi.o)
 .comment       0x0000004d       0x4e ../../libdaisy/build\libdaisy.a(sai.o)
 .comment       0x0000004d       0x4e ../../libdaisy/build\libdaisy.a(system.o)
 .comment       0x0000004d       0x4e ../../libdaisy/build\libdaisy.a(system_stm32h7xx.o)
 .comment       0x0000004d       0x4e ../../libdaisy/build\libdaisy.a(hal_map.o)
 .comment       0x0000004d       0x4e ../../libdaisy/build\libdaisy.a(stm32h7xx_hal.o)
 .comment       0x0000004d       0x4e ../../libdaisy/build\libdaisy.a(stm32h7xx_hal_adc.o)
 .comment       0x0000004d       0x4e ../../libdaisy/build\libdaisy.a(stm32h7xx_hal_adc_ex.o)
 .comment       0x0000004d       0x4e ../../libdaisy/build\libdaisy.a(stm32h7xx_hal_cortex.o)
 .comment       0x0000004d       0x4e ../../libdaisy/build\libdaisy.a(stm32h7xx_hal_dma.o)
 .comment       0x0000004d       0x4e ../../libdaisy/build\libdaisy.a(stm32h7xx_hal_gpio.o)
 .comment       0x0000004d       0x4e ../../libdaisy/build\libdaisy.a(stm32h7xx_hal_i2c.o)
 .comment       0x0000004d       0x4e ../../libdaisy/build\libdaisy.a(stm32h7xx_hal_i2c_ex.o)
 .comment       0x0000004d       0x4e ../../libdaisy/build\libdaisy.a(stm32h7xx_hal_pwr_ex.o)
 .comment       0x0000004d       0x4e ../../libdaisy/build\libdaisy.a(stm32h7xx_hal_qspi.o)
 .comment       0x0000004d       0x4e ../../libdaisy/build\libdaisy.a(stm32h7xx_hal_rcc.o)
 .comment       0x0000004d       0x4e ../../libdaisy/build\libdaisy.a(stm32h7xx_hal_rcc_ex.o)
 .comment       0x0000004d       0x4e ../../libdaisy/build\libdaisy.a(stm32h7xx_hal_sai.o)
 .comment       0x0000004d       0x4e ../../libdaisy/build\libdaisy.a(stm32h7xx_hal_sdram.o)
 .comment       0x0000004d       0x4e ../../libdaisy/build\libdaisy.a(stm32h7xx_ll_fmc.o)
 .comment       0x0000004d       0x4e ../../libdaisy/build\libdaisy.a(tim.o)
 .comment       0x0000004d       0x4e ../../libdaisy/build\libdaisy.a(dma.o)
 .comment       0x0000004d       0x4e ../../libdaisy/build\libdaisy.a(stm32h7xx_hal_mdma.o)
 .comment       0x0000004d       0x4e ../../libdaisy/build\libdaisy.a(stm32h7xx_hal_tim.o)
 .comment       0x0000004d       0x4e ../../libdaisy/build\libdaisy.a(stm32h7xx_hal_tim_ex.o)
 .comment       0x0000004d       0x4e ../../DaisySP/build\libdaisysp.a(compressor.o)

.debug_info     0x00000000    0x502c8
 .debug_info    0x00000000     0x6f04 ../../libdaisy/build\libdaisy.a(daisy_petal.o)
 .debug_info    0x00006f04     0x3e22 ../../libdaisy/build\libdaisy.a(daisy_seed.o)
 .debug_info    0x0000ad26     0x12af ../../libdaisy/build\libdaisy.a(codec_ak4556.o)
 .debug_info    0x0000bfd5     0x13ad ../../libdaisy/build\libdaisy.a(sdram.o)
 .debug_info    0x0000d382     0x2ca2 ../../libdaisy/build\libdaisy.a(audio.o)
 .debug_info    0x00010024     0x1a00 ../../libdaisy/build\libdaisy.a(ctrl.o)
 .debug_info    0x00011a24      0xdd5 ../../libdaisy/build\libdaisy.a(encoder.o)
 .debug_info    0x000127f9      0xd11 ../../libdaisy/build\libdaisy.a(switch.o)
 .debug_info    0x0001350a     0x3c55 ../../libdaisy/build\libdaisy.a(adc.o)
 .debug_info    0x0001715f      0xc1b ../../libdaisy/build\libdaisy.a(gpio.o)
 .debug_info    0x00017d7a     0x5af0 ../../libdaisy/build\libdaisy.a(i2c.o)
 .debug_info    0x0001d86a     0x2613 ../../libdaisy/build\libdaisy.a(qspi.o)
 .debug_info    0x0001fe7d     0x44b6 ../../libdaisy/build\libdaisy.a(sai.o)
 .debug_info    0x00024333     0x3ac6 ../../libdaisy/build\libdaisy.a(system.o)
 .debug_info    0x00027df9      0xa3b ../../libdaisy/build\libdaisy.a(system_stm32h7xx.o)
 .debug_info    0x00028834      0x2dd ../../libdaisy/build\libdaisy.a(hal_map.o)
 .debug_info    0x00028b11     0x16d6 ../../libdaisy/build\libdaisy.a(stm32h7xx_hal.o)
 .debug_info    0x0002a1e7     0x2f24 ../../libdaisy/build\libdaisy.a(stm32h7xx_hal_adc.o)
 .debug_info    0x0002d10b     0x2ecc ../../libdaisy/build\libdaisy.a(stm32h7xx_hal_adc_ex.o)
 .debug_info    0x0002ffd7     0x13f0 ../../libdaisy/build\libdaisy.a(stm32h7xx_hal_cortex.o)
 .debug_info    0x000313c7      0xf2f ../../libdaisy/build\libdaisy.a(stm32h7xx_hal_dma.o)
 .debug_info    0x000322f6      0xd4d ../../libdaisy/build\libdaisy.a(stm32h7xx_hal_gpio.o)
 .debug_info    0x00033043     0x6323 ../../libdaisy/build\libdaisy.a(stm32h7xx_hal_i2c.o)
 .debug_info    0x00039366      0xe5a ../../libdaisy/build\libdaisy.a(stm32h7xx_hal_i2c_ex.o)
 .debug_info    0x0003a1c0      0xf42 ../../libdaisy/build\libdaisy.a(stm32h7xx_hal_pwr_ex.o)
 .debug_info    0x0003b102     0x1ed9 ../../libdaisy/build\libdaisy.a(stm32h7xx_hal_qspi.o)
 .debug_info    0x0003cfdb     0x1267 ../../libdaisy/build\libdaisy.a(stm32h7xx_hal_rcc.o)
 .debug_info    0x0003e242     0x16c3 ../../libdaisy/build\libdaisy.a(stm32h7xx_hal_rcc_ex.o)
 .debug_info    0x0003f905     0x2063 ../../libdaisy/build\libdaisy.a(stm32h7xx_hal_sai.o)
 .debug_info    0x00041968     0x12ab ../../libdaisy/build\libdaisy.a(stm32h7xx_hal_sdram.o)
 .debug_info    0x00042c13      0xd17 ../../libdaisy/build\libdaisy.a(stm32h7xx_ll_fmc.o)
 .debug_info    0x0004392a     0x43e5 ../../libdaisy/build\libdaisy.a(tim.o)
 .debug_info    0x00047d0f     0x1050 ../../libdaisy/build\libdaisy.a(dma.o)
 .debug_info    0x00048d5f      0xffe ../../libdaisy/build\libdaisy.a(stm32h7xx_hal_mdma.o)
 .debug_info    0x00049d5d     0x4b86 ../../libdaisy/build\libdaisy.a(stm32h7xx_hal_tim.o)
 .debug_info    0x0004e8e3     0x19e5 ../../libdaisy/build\libdaisy.a(stm32h7xx_hal_tim_ex.o)

.debug_abbrev   0x00000000     0x8b44
 .debug_abbrev  0x00000000      0xa30 ../../libdaisy/build\libdaisy.a(daisy_petal.o)
 .debug_abbrev  0x00000a30      0x7cd ../../libdaisy/build\libdaisy.a(daisy_seed.o)
 .debug_abbrev  0x000011fd      0x350 ../../libdaisy/build\libdaisy.a(codec_ak4556.o)
 .debug_abbrev  0x0000154d      0x313 ../../libdaisy/build\libdaisy.a(sdram.o)
 .debug_abbrev  0x00001860      0x6a3 ../../libdaisy/build\libdaisy.a(audio.o)
 .debug_abbrev  0x00001f03      0x20e ../../libdaisy/build\libdaisy.a(ctrl.o)
 .debug_abbrev  0x00002111      0x2b1 ../../libdaisy/build\libdaisy.a(encoder.o)
 .debug_abbrev  0x000023c2      0x340 ../../libdaisy/build\libdaisy.a(switch.o)
 .debug_abbrev  0x00002702      0x723 ../../libdaisy/build\libdaisy.a(adc.o)
 .debug_abbrev  0x00002e25      0x292 ../../libdaisy/build\libdaisy.a(gpio.o)
 .debug_abbrev  0x000030b7      0x8df ../../libdaisy/build\libdaisy.a(i2c.o)
 .debug_abbrev  0x00003996      0x482 ../../libdaisy/build\libdaisy.a(qspi.o)
 .debug_abbrev  0x00003e18      0x794 ../../libdaisy/build\libdaisy.a(sai.o)
 .debug_abbrev  0x000045ac      0x676 ../../libdaisy/build\libdaisy.a(system.o)
 .debug_abbrev  0x00004c22      0x139 ../../libdaisy/build\libdaisy.a(system_stm32h7xx.o)
 .debug_abbrev  0x00004d5b      0x132 ../../libdaisy/build\libdaisy.a(hal_map.o)
 .debug_abbrev  0x00004e8d      0x2b5 ../../libdaisy/build\libdaisy.a(stm32h7xx_hal.o)
 .debug_abbrev  0x00005142      0x31b ../../libdaisy/build\libdaisy.a(stm32h7xx_hal_adc.o)
 .debug_abbrev  0x0000545d      0x38d ../../libdaisy/build\libdaisy.a(stm32h7xx_hal_adc_ex.o)
 .debug_abbrev  0x000057ea      0x35f ../../libdaisy/build\libdaisy.a(stm32h7xx_hal_cortex.o)
 .debug_abbrev  0x00005b49      0x343 ../../libdaisy/build\libdaisy.a(stm32h7xx_hal_dma.o)
 .debug_abbrev  0x00005e8c      0x237 ../../libdaisy/build\libdaisy.a(stm32h7xx_hal_gpio.o)
 .debug_abbrev  0x000060c3      0x3cb ../../libdaisy/build\libdaisy.a(stm32h7xx_hal_i2c.o)
 .debug_abbrev  0x0000648e      0x1e5 ../../libdaisy/build\libdaisy.a(stm32h7xx_hal_i2c_ex.o)
 .debug_abbrev  0x00006673      0x327 ../../libdaisy/build\libdaisy.a(stm32h7xx_hal_pwr_ex.o)
 .debug_abbrev  0x0000699a      0x300 ../../libdaisy/build\libdaisy.a(stm32h7xx_hal_qspi.o)
 .debug_abbrev  0x00006c9a      0x2d7 ../../libdaisy/build\libdaisy.a(stm32h7xx_hal_rcc.o)
 .debug_abbrev  0x00006f71      0x309 ../../libdaisy/build\libdaisy.a(stm32h7xx_hal_rcc_ex.o)
 .debug_abbrev  0x0000727a      0x334 ../../libdaisy/build\libdaisy.a(stm32h7xx_hal_sai.o)
 .debug_abbrev  0x000075ae      0x25e ../../libdaisy/build\libdaisy.a(stm32h7xx_hal_sdram.o)
 .debug_abbrev  0x0000780c      0x19b ../../libdaisy/build\libdaisy.a(stm32h7xx_ll_fmc.o)
 .debug_abbrev  0x000079a7      0x673 ../../libdaisy/build\libdaisy.a(tim.o)
 .debug_abbrev  0x0000801a      0x1f6 ../../libdaisy/build\libdaisy.a(dma.o)
 .debug_abbrev  0x00008210      0x2cd ../../libdaisy/build\libdaisy.a(stm32h7xx_hal_mdma.o)
 .debug_abbrev  0x000084dd      0x366 ../../libdaisy/build\libdaisy.a(stm32h7xx_hal_tim.o)
 .debug_abbrev  0x00008843      0x301 ../../libdaisy/build\libdaisy.a(stm32h7xx_hal_tim_ex.o)

.debug_loc      0x00000000    0x29bcd
 .debug_loc     0x00000000     0x25ce ../../libdaisy/build\libdaisy.a(daisy_petal.o)
 .debug_loc     0x000025ce      0x582 ../../libdaisy/build\libdaisy.a(daisy_seed.o)
 .debug_loc     0x00002b50       0xe4 ../../libdaisy/build\libdaisy.a(sdram.o)
 .debug_loc     0x00002c34     0x1c98 ../../libdaisy/build\libdaisy.a(audio.o)
 .debug_loc     0x000048cc       0x61 ../../libdaisy/build\libdaisy.a(ctrl.o)
 .debug_loc     0x0000492d       0x6c ../../libdaisy/build\libdaisy.a(encoder.o)
 .debug_loc     0x00004999      0x33c ../../libdaisy/build\libdaisy.a(switch.o)
 .debug_loc     0x00004cd5      0xe0c ../../libdaisy/build\libdaisy.a(adc.o)
 .debug_loc     0x00005ae1      0x20f ../../libdaisy/build\libdaisy.a(gpio.o)
 .debug_loc     0x00005cf0     0x1986 ../../libdaisy/build\libdaisy.a(i2c.o)
 .debug_loc     0x00007676      0xcf6 ../../libdaisy/build\libdaisy.a(qspi.o)
 .debug_loc     0x0000836c      0xfc9 ../../libdaisy/build\libdaisy.a(sai.o)
 .debug_loc     0x00009335      0x293 ../../libdaisy/build\libdaisy.a(system.o)
 .debug_loc     0x000095c8      0x170 ../../libdaisy/build\libdaisy.a(system_stm32h7xx.o)
 .debug_loc     0x00009738       0x4a ../../libdaisy/build\libdaisy.a(hal_map.o)
 .debug_loc     0x00009782      0x59e ../../libdaisy/build\libdaisy.a(stm32h7xx_hal.o)
 .debug_loc     0x00009d20     0x2352 ../../libdaisy/build\libdaisy.a(stm32h7xx_hal_adc.o)
 .debug_loc     0x0000c072     0x25e1 ../../libdaisy/build\libdaisy.a(stm32h7xx_hal_adc_ex.o)
 .debug_loc     0x0000e653      0x7af ../../libdaisy/build\libdaisy.a(stm32h7xx_hal_cortex.o)
 .debug_loc     0x0000ee02     0x1273 ../../libdaisy/build\libdaisy.a(stm32h7xx_hal_dma.o)
 .debug_loc     0x00010075      0x482 ../../libdaisy/build\libdaisy.a(stm32h7xx_hal_gpio.o)
 .debug_loc     0x000104f7     0x7f88 ../../libdaisy/build\libdaisy.a(stm32h7xx_hal_i2c.o)
 .debug_loc     0x0001847f      0x228 ../../libdaisy/build\libdaisy.a(stm32h7xx_hal_i2c_ex.o)
 .debug_loc     0x000186a7      0x3fa ../../libdaisy/build\libdaisy.a(stm32h7xx_hal_pwr_ex.o)
 .debug_loc     0x00018aa1     0x2023 ../../libdaisy/build\libdaisy.a(stm32h7xx_hal_qspi.o)
 .debug_loc     0x0001aac4      0x7c3 ../../libdaisy/build\libdaisy.a(stm32h7xx_hal_rcc.o)
 .debug_loc     0x0001b287     0x10d1 ../../libdaisy/build\libdaisy.a(stm32h7xx_hal_rcc_ex.o)
 .debug_loc     0x0001c358     0x2314 ../../libdaisy/build\libdaisy.a(stm32h7xx_hal_sai.o)
 .debug_loc     0x0001e66c      0xf5a ../../libdaisy/build\libdaisy.a(stm32h7xx_hal_sdram.o)
 .debug_loc     0x0001f5c6      0x736 ../../libdaisy/build\libdaisy.a(stm32h7xx_ll_fmc.o)
 .debug_loc     0x0001fcfc      0xe15 ../../libdaisy/build\libdaisy.a(tim.o)
 .debug_loc     0x00020b11      0x250 ../../libdaisy/build\libdaisy.a(dma.o)
 .debug_loc     0x00020d61     0x13dd ../../libdaisy/build\libdaisy.a(stm32h7xx_hal_mdma.o)
 .debug_loc     0x0002213e     0x637e ../../libdaisy/build\libdaisy.a(stm32h7xx_hal_tim.o)
 .debug_loc     0x000284bc     0x1711 ../../libdaisy/build\libdaisy.a(stm32h7xx_hal_tim_ex.o)

.debug_aranges  0x00000000     0x1a20
 .debug_aranges
                0x00000000       0xf8 ../../libdaisy/build\libdaisy.a(daisy_petal.o)
 .debug_aranges
                0x000000f8       0xb8 ../../libdaisy/build\libdaisy.a(daisy_seed.o)
 .debug_aranges
                0x000001b0       0x20 ../../libdaisy/build\libdaisy.a(codec_ak4556.o)
 .debug_aranges
                0x000001d0       0x38 ../../libdaisy/build\libdaisy.a(sdram.o)
 .debug_aranges
                0x00000208       0xd0 ../../libdaisy/build\libdaisy.a(audio.o)
 .debug_aranges
                0x000002d8       0x30 ../../libdaisy/build\libdaisy.a(ctrl.o)
 .debug_aranges
                0x00000308       0x28 ../../libdaisy/build\libdaisy.a(encoder.o)
 .debug_aranges
                0x00000330       0x30 ../../libdaisy/build\libdaisy.a(switch.o)
 .debug_aranges
                0x00000360       0x98 ../../libdaisy/build\libdaisy.a(adc.o)
 .debug_aranges
                0x000003f8       0x40 ../../libdaisy/build\libdaisy.a(gpio.o)
 .debug_aranges
                0x00000438      0x110 ../../libdaisy/build\libdaisy.a(i2c.o)
 .debug_aranges
                0x00000548       0x60 ../../libdaisy/build\libdaisy.a(qspi.o)
 .debug_aranges
                0x000005a8       0xf0 ../../libdaisy/build\libdaisy.a(sai.o)
 .debug_aranges